###############################################################################
#
# IAR ELF Linker V8.40.1.212/W32 for ARM                  17/Sep/2019  17:02:37
# Copyright 2007-2019 IAR Systems AB.
#
#    Output file  =
#        G:\LINUSZ\NUCLEO-F746ZG\STM32Cube_FW_F7_V1.14.0\Projects\STM32F746ZG-Nucleo\Applications\LwIP\LwIP_HTTP_Server_Netconn_RTOS\EWARM\STM32746G_Nucleo\Exe\Project.out
#    Map file     =
#        G:\LINUSZ\NUCLEO-F746ZG\STM32Cube_FW_F7_V1.14.0\Projects\STM32F746ZG-Nucleo\Applications\LwIP\LwIP_HTTP_Server_Netconn_RTOS\EWARM\STM32746G_Nucleo\List\Project.map
#    Command line =
#        -f C:\Users\zhaocs\AppData\Local\Temp\EWAA67.tmp
#        (G:\LINUSZ\NUCLEO-F746ZG\STM32Cube_FW_F7_V1.14.0\Projects\STM32F746ZG-Nucleo\Applications\LwIP\LwIP_HTTP_Server_Netconn_RTOS\EWARM\STM32746G_Nucleo\Obj\api_lib.o
#        G:\LINUSZ\NUCLEO-F746ZG\STM32Cube_FW_F7_V1.14.0\Projects\STM32F746ZG-Nucleo\Applications\LwIP\LwIP_HTTP_Server_Netconn_RTOS\EWARM\STM32746G_Nucleo\Obj\api_msg.o
#        G:\LINUSZ\NUCLEO-F746ZG\STM32Cube_FW_F7_V1.14.0\Projects\STM32F746ZG-Nucleo\Applications\LwIP\LwIP_HTTP_Server_Netconn_RTOS\EWARM\STM32746G_Nucleo\Obj\app_ethernet.o
#        G:\LINUSZ\NUCLEO-F746ZG\STM32Cube_FW_F7_V1.14.0\Projects\STM32F746ZG-Nucleo\Applications\LwIP\LwIP_HTTP_Server_Netconn_RTOS\EWARM\STM32746G_Nucleo\Obj\autoip.o
#        G:\LINUSZ\NUCLEO-F746ZG\STM32Cube_FW_F7_V1.14.0\Projects\STM32F746ZG-Nucleo\Applications\LwIP\LwIP_HTTP_Server_Netconn_RTOS\EWARM\STM32746G_Nucleo\Obj\cmsis_os.o
#        G:\LINUSZ\NUCLEO-F746ZG\STM32Cube_FW_F7_V1.14.0\Projects\STM32F746ZG-Nucleo\Applications\LwIP\LwIP_HTTP_Server_Netconn_RTOS\EWARM\STM32746G_Nucleo\Obj\croutine.o
#        G:\LINUSZ\NUCLEO-F746ZG\STM32Cube_FW_F7_V1.14.0\Projects\STM32F746ZG-Nucleo\Applications\LwIP\LwIP_HTTP_Server_Netconn_RTOS\EWARM\STM32746G_Nucleo\Obj\def.o
#        G:\LINUSZ\NUCLEO-F746ZG\STM32Cube_FW_F7_V1.14.0\Projects\STM32F746ZG-Nucleo\Applications\LwIP\LwIP_HTTP_Server_Netconn_RTOS\EWARM\STM32746G_Nucleo\Obj\dhcp.o
#        G:\LINUSZ\NUCLEO-F746ZG\STM32Cube_FW_F7_V1.14.0\Projects\STM32F746ZG-Nucleo\Applications\LwIP\LwIP_HTTP_Server_Netconn_RTOS\EWARM\STM32746G_Nucleo\Obj\dns.o
#        G:\LINUSZ\NUCLEO-F746ZG\STM32Cube_FW_F7_V1.14.0\Projects\STM32F746ZG-Nucleo\Applications\LwIP\LwIP_HTTP_Server_Netconn_RTOS\EWARM\STM32746G_Nucleo\Obj\err.o
#        G:\LINUSZ\NUCLEO-F746ZG\STM32Cube_FW_F7_V1.14.0\Projects\STM32F746ZG-Nucleo\Applications\LwIP\LwIP_HTTP_Server_Netconn_RTOS\EWARM\STM32746G_Nucleo\Obj\etharp.o
#        G:\LINUSZ\NUCLEO-F746ZG\STM32Cube_FW_F7_V1.14.0\Projects\STM32F746ZG-Nucleo\Applications\LwIP\LwIP_HTTP_Server_Netconn_RTOS\EWARM\STM32746G_Nucleo\Obj\ethernet.o
#        G:\LINUSZ\NUCLEO-F746ZG\STM32Cube_FW_F7_V1.14.0\Projects\STM32F746ZG-Nucleo\Applications\LwIP\LwIP_HTTP_Server_Netconn_RTOS\EWARM\STM32746G_Nucleo\Obj\ethernetif.o
#        G:\LINUSZ\NUCLEO-F746ZG\STM32Cube_FW_F7_V1.14.0\Projects\STM32F746ZG-Nucleo\Applications\LwIP\LwIP_HTTP_Server_Netconn_RTOS\EWARM\STM32746G_Nucleo\Obj\fs.o
#        G:\LINUSZ\NUCLEO-F746ZG\STM32Cube_FW_F7_V1.14.0\Projects\STM32F746ZG-Nucleo\Applications\LwIP\LwIP_HTTP_Server_Netconn_RTOS\EWARM\STM32746G_Nucleo\Obj\heap_4.o
#        G:\LINUSZ\NUCLEO-F746ZG\STM32Cube_FW_F7_V1.14.0\Projects\STM32F746ZG-Nucleo\Applications\LwIP\LwIP_HTTP_Server_Netconn_RTOS\EWARM\STM32746G_Nucleo\Obj\httpd.o
#        G:\LINUSZ\NUCLEO-F746ZG\STM32Cube_FW_F7_V1.14.0\Projects\STM32F746ZG-Nucleo\Applications\LwIP\LwIP_HTTP_Server_Netconn_RTOS\EWARM\STM32746G_Nucleo\Obj\httpserver-netconn.o
#        G:\LINUSZ\NUCLEO-F746ZG\STM32Cube_FW_F7_V1.14.0\Projects\STM32F746ZG-Nucleo\Applications\LwIP\LwIP_HTTP_Server_Netconn_RTOS\EWARM\STM32746G_Nucleo\Obj\icmp.o
#        G:\LINUSZ\NUCLEO-F746ZG\STM32Cube_FW_F7_V1.14.0\Projects\STM32F746ZG-Nucleo\Applications\LwIP\LwIP_HTTP_Server_Netconn_RTOS\EWARM\STM32746G_Nucleo\Obj\igmp.o
#        G:\LINUSZ\NUCLEO-F746ZG\STM32Cube_FW_F7_V1.14.0\Projects\STM32F746ZG-Nucleo\Applications\LwIP\LwIP_HTTP_Server_Netconn_RTOS\EWARM\STM32746G_Nucleo\Obj\inet_chksum.o
#        G:\LINUSZ\NUCLEO-F746ZG\STM32Cube_FW_F7_V1.14.0\Projects\STM32F746ZG-Nucleo\Applications\LwIP\LwIP_HTTP_Server_Netconn_RTOS\EWARM\STM32746G_Nucleo\Obj\init.o
#        G:\LINUSZ\NUCLEO-F746ZG\STM32Cube_FW_F7_V1.14.0\Projects\STM32F746ZG-Nucleo\Applications\LwIP\LwIP_HTTP_Server_Netconn_RTOS\EWARM\STM32746G_Nucleo\Obj\iot_log.o
#        G:\LINUSZ\NUCLEO-F746ZG\STM32Cube_FW_F7_V1.14.0\Projects\STM32F746ZG-Nucleo\Applications\LwIP\LwIP_HTTP_Server_Netconn_RTOS\EWARM\STM32746G_Nucleo\Obj\ip.o
#        G:\LINUSZ\NUCLEO-F746ZG\STM32Cube_FW_F7_V1.14.0\Projects\STM32F746ZG-Nucleo\Applications\LwIP\LwIP_HTTP_Server_Netconn_RTOS\EWARM\STM32746G_Nucleo\Obj\ip4.o
#        G:\LINUSZ\NUCLEO-F746ZG\STM32Cube_FW_F7_V1.14.0\Projects\STM32F746ZG-Nucleo\Applications\LwIP\LwIP_HTTP_Server_Netconn_RTOS\EWARM\STM32746G_Nucleo\Obj\ip4_addr.o
#        G:\LINUSZ\NUCLEO-F746ZG\STM32Cube_FW_F7_V1.14.0\Projects\STM32F746ZG-Nucleo\Applications\LwIP\LwIP_HTTP_Server_Netconn_RTOS\EWARM\STM32746G_Nucleo\Obj\ip4_frag.o
#        G:\LINUSZ\NUCLEO-F746ZG\STM32Cube_FW_F7_V1.14.0\Projects\STM32F746ZG-Nucleo\Applications\LwIP\LwIP_HTTP_Server_Netconn_RTOS\EWARM\STM32746G_Nucleo\Obj\list.o
#        G:\LINUSZ\NUCLEO-F746ZG\STM32Cube_FW_F7_V1.14.0\Projects\STM32F746ZG-Nucleo\Applications\LwIP\LwIP_HTTP_Server_Netconn_RTOS\EWARM\STM32746G_Nucleo\Obj\main.o
#        G:\LINUSZ\NUCLEO-F746ZG\STM32Cube_FW_F7_V1.14.0\Projects\STM32F746ZG-Nucleo\Applications\LwIP\LwIP_HTTP_Server_Netconn_RTOS\EWARM\STM32746G_Nucleo\Obj\mem.o
#        G:\LINUSZ\NUCLEO-F746ZG\STM32Cube_FW_F7_V1.14.0\Projects\STM32F746ZG-Nucleo\Applications\LwIP\LwIP_HTTP_Server_Netconn_RTOS\EWARM\STM32746G_Nucleo\Obj\memp.o
#        G:\LINUSZ\NUCLEO-F746ZG\STM32Cube_FW_F7_V1.14.0\Projects\STM32F746ZG-Nucleo\Applications\LwIP\LwIP_HTTP_Server_Netconn_RTOS\EWARM\STM32746G_Nucleo\Obj\netbuf.o
#        G:\LINUSZ\NUCLEO-F746ZG\STM32Cube_FW_F7_V1.14.0\Projects\STM32F746ZG-Nucleo\Applications\LwIP\LwIP_HTTP_Server_Netconn_RTOS\EWARM\STM32746G_Nucleo\Obj\netdb.o
#        G:\LINUSZ\NUCLEO-F746ZG\STM32Cube_FW_F7_V1.14.0\Projects\STM32F746ZG-Nucleo\Applications\LwIP\LwIP_HTTP_Server_Netconn_RTOS\EWARM\STM32746G_Nucleo\Obj\netif.o
#        G:\LINUSZ\NUCLEO-F746ZG\STM32Cube_FW_F7_V1.14.0\Projects\STM32F746ZG-Nucleo\Applications\LwIP\LwIP_HTTP_Server_Netconn_RTOS\EWARM\STM32746G_Nucleo\Obj\netifapi.o
#        G:\LINUSZ\NUCLEO-F746ZG\STM32Cube_FW_F7_V1.14.0\Projects\STM32F746ZG-Nucleo\Applications\LwIP\LwIP_HTTP_Server_Netconn_RTOS\EWARM\STM32746G_Nucleo\Obj\pbuf.o
#        G:\LINUSZ\NUCLEO-F746ZG\STM32Cube_FW_F7_V1.14.0\Projects\STM32F746ZG-Nucleo\Applications\LwIP\LwIP_HTTP_Server_Netconn_RTOS\EWARM\STM32746G_Nucleo\Obj\port.o
#        G:\LINUSZ\NUCLEO-F746ZG\STM32Cube_FW_F7_V1.14.0\Projects\STM32F746ZG-Nucleo\Applications\LwIP\LwIP_HTTP_Server_Netconn_RTOS\EWARM\STM32746G_Nucleo\Obj\portasm.o
#        G:\LINUSZ\NUCLEO-F746ZG\STM32Cube_FW_F7_V1.14.0\Projects\STM32F746ZG-Nucleo\Applications\LwIP\LwIP_HTTP_Server_Netconn_RTOS\EWARM\STM32746G_Nucleo\Obj\queue.o
#        G:\LINUSZ\NUCLEO-F746ZG\STM32Cube_FW_F7_V1.14.0\Projects\STM32F746ZG-Nucleo\Applications\LwIP\LwIP_HTTP_Server_Netconn_RTOS\EWARM\STM32746G_Nucleo\Obj\raw.o
#        G:\LINUSZ\NUCLEO-F746ZG\STM32Cube_FW_F7_V1.14.0\Projects\STM32F746ZG-Nucleo\Applications\LwIP\LwIP_HTTP_Server_Netconn_RTOS\EWARM\STM32746G_Nucleo\Obj\sockets.o
#        G:\LINUSZ\NUCLEO-F746ZG\STM32Cube_FW_F7_V1.14.0\Projects\STM32F746ZG-Nucleo\Applications\LwIP\LwIP_HTTP_Server_Netconn_RTOS\EWARM\STM32746G_Nucleo\Obj\startup_stm32f746xx.o
#        G:\LINUSZ\NUCLEO-F746ZG\STM32Cube_FW_F7_V1.14.0\Projects\STM32F746ZG-Nucleo\Applications\LwIP\LwIP_HTTP_Server_Netconn_RTOS\EWARM\STM32746G_Nucleo\Obj\stats.o
#        G:\LINUSZ\NUCLEO-F746ZG\STM32Cube_FW_F7_V1.14.0\Projects\STM32F746ZG-Nucleo\Applications\LwIP\LwIP_HTTP_Server_Netconn_RTOS\EWARM\STM32746G_Nucleo\Obj\stm32f7xx_hal.o
#        G:\LINUSZ\NUCLEO-F746ZG\STM32Cube_FW_F7_V1.14.0\Projects\STM32F746ZG-Nucleo\Applications\LwIP\LwIP_HTTP_Server_Netconn_RTOS\EWARM\STM32746G_Nucleo\Obj\stm32f7xx_hal_cortex.o
#        G:\LINUSZ\NUCLEO-F746ZG\STM32Cube_FW_F7_V1.14.0\Projects\STM32F746ZG-Nucleo\Applications\LwIP\LwIP_HTTP_Server_Netconn_RTOS\EWARM\STM32746G_Nucleo\Obj\stm32f7xx_hal_dma.o
#        G:\LINUSZ\NUCLEO-F746ZG\STM32Cube_FW_F7_V1.14.0\Projects\STM32F746ZG-Nucleo\Applications\LwIP\LwIP_HTTP_Server_Netconn_RTOS\EWARM\STM32746G_Nucleo\Obj\stm32f7xx_hal_dma2d.o
#        G:\LINUSZ\NUCLEO-F746ZG\STM32Cube_FW_F7_V1.14.0\Projects\STM32F746ZG-Nucleo\Applications\LwIP\LwIP_HTTP_Server_Netconn_RTOS\EWARM\STM32746G_Nucleo\Obj\stm32f7xx_hal_eth.o
#        G:\LINUSZ\NUCLEO-F746ZG\STM32Cube_FW_F7_V1.14.0\Projects\STM32F746ZG-Nucleo\Applications\LwIP\LwIP_HTTP_Server_Netconn_RTOS\EWARM\STM32746G_Nucleo\Obj\stm32f7xx_hal_flash.o
#        G:\LINUSZ\NUCLEO-F746ZG\STM32Cube_FW_F7_V1.14.0\Projects\STM32F746ZG-Nucleo\Applications\LwIP\LwIP_HTTP_Server_Netconn_RTOS\EWARM\STM32746G_Nucleo\Obj\stm32f7xx_hal_flash_ex.o
#        G:\LINUSZ\NUCLEO-F746ZG\STM32Cube_FW_F7_V1.14.0\Projects\STM32F746ZG-Nucleo\Applications\LwIP\LwIP_HTTP_Server_Netconn_RTOS\EWARM\STM32746G_Nucleo\Obj\stm32f7xx_hal_gpio.o
#        G:\LINUSZ\NUCLEO-F746ZG\STM32Cube_FW_F7_V1.14.0\Projects\STM32F746ZG-Nucleo\Applications\LwIP\LwIP_HTTP_Server_Netconn_RTOS\EWARM\STM32746G_Nucleo\Obj\stm32f7xx_hal_i2c.o
#        G:\LINUSZ\NUCLEO-F746ZG\STM32Cube_FW_F7_V1.14.0\Projects\STM32F746ZG-Nucleo\Applications\LwIP\LwIP_HTTP_Server_Netconn_RTOS\EWARM\STM32746G_Nucleo\Obj\stm32f7xx_hal_i2c_ex.o
#        G:\LINUSZ\NUCLEO-F746ZG\STM32Cube_FW_F7_V1.14.0\Projects\STM32F746ZG-Nucleo\Applications\LwIP\LwIP_HTTP_Server_Netconn_RTOS\EWARM\STM32746G_Nucleo\Obj\stm32f7xx_hal_ltdc.o
#        G:\LINUSZ\NUCLEO-F746ZG\STM32Cube_FW_F7_V1.14.0\Projects\STM32F746ZG-Nucleo\Applications\LwIP\LwIP_HTTP_Server_Netconn_RTOS\EWARM\STM32746G_Nucleo\Obj\stm32f7xx_hal_msp.o
#        G:\LINUSZ\NUCLEO-F746ZG\STM32Cube_FW_F7_V1.14.0\Projects\STM32F746ZG-Nucleo\Applications\LwIP\LwIP_HTTP_Server_Netconn_RTOS\EWARM\STM32746G_Nucleo\Obj\stm32f7xx_hal_pwr.o
#        G:\LINUSZ\NUCLEO-F746ZG\STM32Cube_FW_F7_V1.14.0\Projects\STM32F746ZG-Nucleo\Applications\LwIP\LwIP_HTTP_Server_Netconn_RTOS\EWARM\STM32746G_Nucleo\Obj\stm32f7xx_hal_pwr_ex.o
#        G:\LINUSZ\NUCLEO-F746ZG\STM32Cube_FW_F7_V1.14.0\Projects\STM32F746ZG-Nucleo\Applications\LwIP\LwIP_HTTP_Server_Netconn_RTOS\EWARM\STM32746G_Nucleo\Obj\stm32f7xx_hal_rcc.o
#        G:\LINUSZ\NUCLEO-F746ZG\STM32Cube_FW_F7_V1.14.0\Projects\STM32F746ZG-Nucleo\Applications\LwIP\LwIP_HTTP_Server_Netconn_RTOS\EWARM\STM32746G_Nucleo\Obj\stm32f7xx_hal_rcc_ex.o
#        G:\LINUSZ\NUCLEO-F746ZG\STM32Cube_FW_F7_V1.14.0\Projects\STM32F746ZG-Nucleo\Applications\LwIP\LwIP_HTTP_Server_Netconn_RTOS\EWARM\STM32746G_Nucleo\Obj\stm32f7xx_hal_sdram.o
#        G:\LINUSZ\NUCLEO-F746ZG\STM32Cube_FW_F7_V1.14.0\Projects\STM32F746ZG-Nucleo\Applications\LwIP\LwIP_HTTP_Server_Netconn_RTOS\EWARM\STM32746G_Nucleo\Obj\stm32f7xx_hal_tim.o
#        G:\LINUSZ\NUCLEO-F746ZG\STM32Cube_FW_F7_V1.14.0\Projects\STM32F746ZG-Nucleo\Applications\LwIP\LwIP_HTTP_Server_Netconn_RTOS\EWARM\STM32746G_Nucleo\Obj\stm32f7xx_hal_tim_ex.o
#        G:\LINUSZ\NUCLEO-F746ZG\STM32Cube_FW_F7_V1.14.0\Projects\STM32F746ZG-Nucleo\Applications\LwIP\LwIP_HTTP_Server_Netconn_RTOS\EWARM\STM32746G_Nucleo\Obj\stm32f7xx_hal_timebase_tim.o
#        G:\LINUSZ\NUCLEO-F746ZG\STM32Cube_FW_F7_V1.14.0\Projects\STM32F746ZG-Nucleo\Applications\LwIP\LwIP_HTTP_Server_Netconn_RTOS\EWARM\STM32746G_Nucleo\Obj\stm32f7xx_hal_uart.o
#        G:\LINUSZ\NUCLEO-F746ZG\STM32Cube_FW_F7_V1.14.0\Projects\STM32F746ZG-Nucleo\Applications\LwIP\LwIP_HTTP_Server_Netconn_RTOS\EWARM\STM32746G_Nucleo\Obj\stm32f7xx_it.o
#        G:\LINUSZ\NUCLEO-F746ZG\STM32Cube_FW_F7_V1.14.0\Projects\STM32F746ZG-Nucleo\Applications\LwIP\LwIP_HTTP_Server_Netconn_RTOS\EWARM\STM32746G_Nucleo\Obj\stm32f7xx_ll_fmc.o
#        G:\LINUSZ\NUCLEO-F746ZG\STM32Cube_FW_F7_V1.14.0\Projects\STM32F746ZG-Nucleo\Applications\LwIP\LwIP_HTTP_Server_Netconn_RTOS\EWARM\STM32746G_Nucleo\Obj\stm32f7xx_nucleo_144.o
#        G:\LINUSZ\NUCLEO-F746ZG\STM32Cube_FW_F7_V1.14.0\Projects\STM32F746ZG-Nucleo\Applications\LwIP\LwIP_HTTP_Server_Netconn_RTOS\EWARM\STM32746G_Nucleo\Obj\sys.o
#        G:\LINUSZ\NUCLEO-F746ZG\STM32Cube_FW_F7_V1.14.0\Projects\STM32F746ZG-Nucleo\Applications\LwIP\LwIP_HTTP_Server_Netconn_RTOS\EWARM\STM32746G_Nucleo\Obj\sys_arch.o
#        G:\LINUSZ\NUCLEO-F746ZG\STM32Cube_FW_F7_V1.14.0\Projects\STM32F746ZG-Nucleo\Applications\LwIP\LwIP_HTTP_Server_Netconn_RTOS\EWARM\STM32746G_Nucleo\Obj\system_stm32f7xx.o
#        G:\LINUSZ\NUCLEO-F746ZG\STM32Cube_FW_F7_V1.14.0\Projects\STM32F746ZG-Nucleo\Applications\LwIP\LwIP_HTTP_Server_Netconn_RTOS\EWARM\STM32746G_Nucleo\Obj\tasks.o
#        G:\LINUSZ\NUCLEO-F746ZG\STM32Cube_FW_F7_V1.14.0\Projects\STM32F746ZG-Nucleo\Applications\LwIP\LwIP_HTTP_Server_Netconn_RTOS\EWARM\STM32746G_Nucleo\Obj\tcp.o
#        G:\LINUSZ\NUCLEO-F746ZG\STM32Cube_FW_F7_V1.14.0\Projects\STM32F746ZG-Nucleo\Applications\LwIP\LwIP_HTTP_Server_Netconn_RTOS\EWARM\STM32746G_Nucleo\Obj\tcp_in.o
#        G:\LINUSZ\NUCLEO-F746ZG\STM32Cube_FW_F7_V1.14.0\Projects\STM32F746ZG-Nucleo\Applications\LwIP\LwIP_HTTP_Server_Netconn_RTOS\EWARM\STM32746G_Nucleo\Obj\tcp_out.o
#        G:\LINUSZ\NUCLEO-F746ZG\STM32Cube_FW_F7_V1.14.0\Projects\STM32F746ZG-Nucleo\Applications\LwIP\LwIP_HTTP_Server_Netconn_RTOS\EWARM\STM32746G_Nucleo\Obj\tcpip.o
#        G:\LINUSZ\NUCLEO-F746ZG\STM32Cube_FW_F7_V1.14.0\Projects\STM32F746ZG-Nucleo\Applications\LwIP\LwIP_HTTP_Server_Netconn_RTOS\EWARM\STM32746G_Nucleo\Obj\timeouts.o
#        G:\LINUSZ\NUCLEO-F746ZG\STM32Cube_FW_F7_V1.14.0\Projects\STM32F746ZG-Nucleo\Applications\LwIP\LwIP_HTTP_Server_Netconn_RTOS\EWARM\STM32746G_Nucleo\Obj\timers.o
#        G:\LINUSZ\NUCLEO-F746ZG\STM32Cube_FW_F7_V1.14.0\Projects\STM32F746ZG-Nucleo\Applications\LwIP\LwIP_HTTP_Server_Netconn_RTOS\EWARM\STM32746G_Nucleo\Obj\udp.o
#        --no_out_extension -o
#        G:\LINUSZ\NUCLEO-F746ZG\STM32Cube_FW_F7_V1.14.0\Projects\STM32F746ZG-Nucleo\Applications\LwIP\LwIP_HTTP_Server_Netconn_RTOS\EWARM\STM32746G_Nucleo\Exe\Project.out
#        --map
#        G:\LINUSZ\NUCLEO-F746ZG\STM32Cube_FW_F7_V1.14.0\Projects\STM32F746ZG-Nucleo\Applications\LwIP\LwIP_HTTP_Server_Netconn_RTOS\EWARM\STM32746G_Nucleo\List\Project.map
#        --config
#        G:\LINUSZ\NUCLEO-F746ZG\STM32Cube_FW_F7_V1.14.0\Projects\STM32F746ZG-Nucleo\Applications\LwIP\LwIP_HTTP_Server_Netconn_RTOS\EWARM\stm32f746xx_flash.icf
#        --semihosting --entry __iar_program_start --vfe --text_out locale)
#
###############################################################################

*******************************************************************************
*** RUNTIME MODEL ATTRIBUTES
***

CppFlavor       = *
__SystemLibrary = DLib
__dlib_version  = 6


*******************************************************************************
*** HEAP SELECTION
***

The basic heap was selected because no calls to memory allocation
functions were found in the application outside of system library
functions, and there are calls to deallocation functions in the
application.


*******************************************************************************
*** PLACEMENT SUMMARY
***

"A0":  place at address 0x800'0000 { ro section .intvec };
"P1":  place in [from 0x800'0000 to 0x80f'ffff] { ro };
define block CSTACK with size = 1120, alignment = 8 { };
define block HEAP with size = 512, alignment = 8 { };
"P2":  place in [from 0x2000'0000 to 0x2004'ffff] {
          rw, block CSTACK, block HEAP };
initialize by copy { rw };

  Section            Kind         Address      Size  Object
  -------            ----         -------      ----  ------
"A0":                                         0x1c8
  .intvec            ro code   0x800'0000     0x1c8  startup_stm32f746xx.o [1]
                             - 0x800'01c8     0x1c8

"P1":                                      0x1'ea36
  .rodata            const     0x800'01c8    0x4478  fs.o [1]
  .rodata            const     0x800'4640    0x2524  fs.o [1]
  .text              ro code   0x800'6b64    0x1698  tcp_in.o [1]
  .text              ro code   0x800'81fc      0xfc  ip4_addr.o [1]
  .text              ro code   0x800'82f8      0x2c  def.o [1]
  .text              ro code   0x800'8324     0xa68  pbuf.o [1]
  .text              ro code   0x800'8d8c      0x28  printf.o [2]
  .text              ro code   0x800'8db4    0x1188  tcp.o [1]
  .text              ro code   0x800'9f3c    0x12c6  tcp_out.o [1]
  .text              ro code   0x800'b202      0x3a  zero_init3.o [4]
  .text              ro code   0x800'b23c     0x144  memp.o [1]
  .text              ro code   0x800'b380     0x288  timeouts.o [1]
  .text              ro code   0x800'b608     0x560  mem.o [1]
  .text              ro code   0x800'bb68     0x244  sys_arch.o [1]
  .text              ro code   0x800'bdac      0xa6  ABImemcpy.o [4]
  .text              ro code   0x800'be52       0xa  xsprout.o [2]
  .text              ro code   0x800'be5c     0xfc6  xprintffull_nomb.o [2]
  .rodata            const     0x800'ce22       0x2  xlocale_c.o [2]
  .text              ro code   0x800'ce24      0x66  ABImemset.o [4]
  .rodata            const     0x800'ce8a       0x1  xlocale_c.o [2]
  .text              ro code   0x800'ce8c     0x430  ip4.o [1]
  .text              ro code   0x800'd2bc     0x4ac  ethernetif.o [1]
  .text              ro code   0x800'd768     0x428  cmsis_os.o [1]
  .text              ro code   0x800'db90      0x14  memset.o [4]
  .text              ro code   0x800'dba4       0x6  ABImemclr4.o [4]
  .text              ro code   0x800'dbac      0x16  strchr.o [4]
  .text              ro code   0x800'dbc4      0x40  xfail_s.o [2]
  .text              ro code   0x800'dc04      0x36  strlen.o [4]
  .text              ro code   0x800'dc3c      0x58  memchr.o [4]
  .text              ro code   0x800'dc94      0x70  frexp.o [3]
  .text              ro code   0x800'dd04      0x2e  DblCmpLe.o [3]
  .text              ro code   0x800'dd34      0x2e  DblCmpGe.o [3]
  .text              ro code   0x800'dd64     0x13a  ldexp.o [3]
  .text              ro code   0x800'dea0      0x3a  DblToS32.o [3]
  .text              ro code   0x800'dedc      0x22  S32ToDbl.o [3]
  .text              ro code   0x800'df00      0xe2  DblSub.o [3]
  .text              ro code   0x800'dfe4     0x246  DblDiv.o [3]
  .text              ro code   0x800'e22c      0x28  DblToU32.o [3]
  .text              ro code   0x800'e254      0x1a  U32ToDbl.o [3]
  .text              ro code   0x800'e270     0x1a2  DblMul.o [3]
  .text              ro code   0x800'e414       0x8  xlocale_c.o [2]
  .text              ro code   0x800'e41c     0x230  I64DivMod.o [4]
  .text              ro code   0x800'e64c     0x9ac  ip4_frag.o [1]
  .text              ro code   0x800'eff8     0x554  udp.o [1]
  .text              ro code   0x800'f54c     0x2c8  icmp.o [1]
  .text              ro code   0x800'f814     0x280  stm32f7xx_hal_gpio.o [1]
  .text              ro code   0x800'fa94     0x1b0  stm32f7xx_hal_cortex.o [1]
  .text              ro code   0x800'fc44     0xabc  stm32f7xx_hal_eth.o [1]
  .text              ro code   0x801'0700       0xc  stm32f7xx_hal.o [1]
  .text              ro code   0x801'070c     0xdf4  tasks.o [1]
  .text              ro code   0x801'1500     0x9e8  queue.o [1]
  .text              ro code   0x801'1ee8     0x218  port.o [1]
  .text              ro code   0x801'2100      0x32  ABImemset48.o [4]
  .text              ro code   0x801'2132       0x6  abort.o [2]
  .text              ro code   0x801'2138     0x16a  DblAdd.o [3]
  .text              ro code   0x801'22a4       0x2  I64DivZer.o [4]
  .text              ro code   0x801'22a8      0xd4  inet_chksum.o [1]
  .text              ro code   0x801'237c     0x644  stm32f7xx_hal_rcc.o [1]
  .text              ro code   0x801'29c0      0x28  stm32f7xx_hal.o [1]
  .text              ro code   0x801'29e8       0x2  stm32f7xx_hal_eth.o [1]
  .text              ro code   0x801'29ea       0x2  stm32f7xx_hal_eth.o [1]
  .text              ro code   0x801'29ec     0x288  heap_4.o [1]
  .text              ro code   0x801'2c74      0x9a  list.o [1]
  .text              ro code   0x801'2d10      0x18  strcpy.o [4]
  .text              ro code   0x801'2d28      0x40  sprintf.o [2]
  CODE               ro code   0x801'2d68      0xac  portasm.o [1]
  .text              ro code   0x801'2e14      0x14  exit.o [5]
  .text              ro code   0x801'2e28      0xb8  stm32f7xx_hal_timebase_tim.o [1]
  .text              ro code   0x801'2ee0     0x302  stm32f7xx_hal_tim.o [1]
  .text              ro code   0x801'31e4      0x18  stm32f7xx_hal.o [1]
  .text              ro code   0x801'31fc       0x2  stm32f7xx_hal_tim.o [1]
  .text              ro code   0x801'31fe       0x2  stm32f7xx_hal_tim.o [1]
  .text              ro code   0x801'3200       0x2  stm32f7xx_hal_tim.o [1]
  .text              ro code   0x801'3202       0x2  stm32f7xx_hal_tim_ex.o [1]
  .text              ro code   0x801'3204       0x2  stm32f7xx_hal_tim.o [1]
  .text              ro code   0x801'3206       0x2  stm32f7xx_hal_tim_ex.o [1]
  .text              ro code   0x801'3208    0x1672  dhcp.o [1]
  .text              ro code   0x801'487c     0x200  netif.o [1]
  .text              ro code   0x801'4a7c     0xb94  etharp.o [1]
  .text              ro code   0x801'5610      0xa4  rand.o [2]
  .text              ro code   0x801'56b4     0x168  ethernet.o [1]
  .text              ro code   0x801'581c      0x68  memcmp.o [4]
  .text              ro code   0x801'5884    0x141c  api_msg.o [1]
  .text              ro code   0x801'6ca0      0xa0  netbuf.o [1]
  .rodata            const     0x801'6d40    0x1378  fs.o [1]
  .rodata            const     0x801'80b8     0xa84  fs.o [1]
  .text              ro code   0x801'8b3c     0x6a8  stm32f7xx_hal_uart.o [1]
  .text              ro code   0x801'91e4      0x90  stm32f7xx_hal_msp.o [1]
  .text              ro code   0x801'9274     0x5b8  stm32f7xx_hal_rcc_ex.o [1]
  .rodata            const     0x801'982c     0x63c  httpserver-netconn.o [1]
  .text              ro code   0x801'9e68     0x5ea  api_lib.o [1]
  .text              ro code   0x801'a454     0x1d4  tcpip.o [1]
  .text              ro code   0x801'a628      0x48  init.o [1]
  .rodata            const     0x801'a670     0x4d8  fs.o [1]
  .text              ro code   0x801'ab48     0x408  main.o [1]
  .text              ro code   0x801'af50      0x26  stm32f7xx_hal.o [1]
  .text              ro code   0x801'af78     0x1c0  iot_log.o [1]
  .text              ro code   0x801'b138      0xc8  stm32f7xx_nucleo_144.o [1]
  .text              ro code   0x801'b200     0x2a8  httpserver-netconn.o [1]
  .text              ro code   0x801'b4a8      0xd4  app_ethernet.o [1]
  .text              ro code   0x801'b57c      0x78  stm32f7xx_hal_pwr_ex.o [1]
  .text              ro code   0x801'b5f4      0x1a  strrchr.o [2]
  .text              ro code   0x801'b610      0x34  vsprintf.o [2]
  .text              ro code   0x801'b644      0x28  strncmp.o [2]
  .text              ro code   0x801'b66c      0x4e  fs.o [1]
  .text              ro code   0x801'b6ba      0x1e  strcat.o [2]
  .text              ro code   0x801'b6d8      0x12  strcmp.o [4]
  .rodata            const     0x801'b6ec      0x90  ethernetif.o [1]
  .rodata            const     0x801'b77c      0x88  main.o [1]
  .rodata            const     0x801'b804      0x68  ip4_frag.o [1]
  .rodata            const     0x801'b86c      0x64  dhcp.o [1]
  .rodata            const     0x801'b8d0      0x64  etharp.o [1]
  .rodata            const     0x801'b934      0x64  ethernet.o [1]
  .rodata            const     0x801'b998      0x64  icmp.o [1]
  .rodata            const     0x801'b9fc      0x64  ip4.o [1]
  .rodata            const     0x801'ba60      0x64  timeouts.o [1]
  .rodata            const     0x801'bac4      0x60  api_lib.o [1]
  .rodata            const     0x801'bb24      0x60  api_msg.o [1]
  .rodata            const     0x801'bb84      0x60  init.o [1]
  .rodata            const     0x801'bbe4      0x60  memp.o [1]
  .rodata            const     0x801'bc44      0x60  netbuf.o [1]
  .rodata            const     0x801'bca4      0x60  netif.o [1]
  .rodata            const     0x801'bd04      0x60  pbuf.o [1]
  .rodata            const     0x801'bd64      0x60  tcp_in.o [1]
  .rodata            const     0x801'bdc4      0x60  tcp_out.o [1]
  .rodata            const     0x801'be24      0x60  tcpip.o [1]
  .text              ro code   0x801'be84      0x60  system_stm32f7xx.o [1]
  .rodata            const     0x801'bee4      0x5c  mem.o [1]
  .rodata            const     0x801'bf40      0x5c  tcp.o [1]
  .rodata            const     0x801'bf9c      0x5c  udp.o [1]
  .rodata            const     0x801'bff8      0x58  tcp_out.o [1]
  .rodata            const     0x801'c050      0x48  dhcp.o [1]
  .rodata            const     0x801'c098      0x44  dhcp.o [1]
  .rodata            const     0x801'c0dc      0x44  etharp.o [1]
  .rodata            const     0x801'c120      0x44  init.o [1]
  .rodata            const     0x801'c164      0x40  dhcp.o [1]
  .rodata            const     0x801'c1a4      0x40  dhcp.o [1]
  .rodata            const     0x801'c1e4      0x40  dhcp.o [1]
  .rodata            const     0x801'c224      0x40  etharp.o [1]
  .rodata            const     0x801'c264      0x40  tcp_out.o [1]
  .rodata            const     0x801'c2a4      0x40  timeouts.o [1]
  .rodata            const     0x801'c2e4      0x3c  api_msg.o [1]
  .rodata            const     0x801'c320      0x3c  api_msg.o [1]
  .rodata            const     0x801'c35c      0x3c  dhcp.o [1]
  .rodata            const     0x801'c398      0x3c  httpserver-netconn.o [1]
  .rodata            const     0x801'c3d4      0x3c  tcp_out.o [1]
  .rodata            const     0x801'c410      0x3c  tcp_out.o [1]
  .rodata            const     0x801'c44c      0x38  httpserver-netconn.o [1]
  .rodata            const     0x801'c484      0x38  httpserver-netconn.o [1]
  .rodata            const     0x801'c4bc      0x38  icmp.o [1]
  .rodata            const     0x801'c4f4      0x38  ip4_frag.o [1]
  .rodata            const     0x801'c52c      0x38  pbuf.o [1]
  .rodata            const     0x801'c564      0x38  tcp_in.o [1]
  .rodata            const     0x801'c59c      0x38  tcp_out.o [1]
  .rodata            const     0x801'c5d4      0x38  tcp_out.o [1]
  .text              ro code   0x801'c60c      0x38  packbits_init_single.o [4]
  .rodata            const     0x801'c644      0x34  api_msg.o [1]
  .rodata            const     0x801'c678      0x34  etharp.o [1]
  .rodata            const     0x801'c6ac      0x34  ethernet.o [1]
  .rodata            const     0x801'c6e0      0x34  httpserver-netconn.o [1]
  .rodata            const     0x801'c714      0x34  icmp.o [1]
  .rodata            const     0x801'c748      0x34  memp.o [1]
  .rodata            const     0x801'c77c      0x34  pbuf.o [1]
  .rodata            const     0x801'c7b0      0x34  pbuf.o [1]
  .rodata            const     0x801'c7e4      0x34  tcp.o [1]
  .rodata            const     0x801'c818      0x34  tcp_out.o [1]
  .rodata            const     0x801'c84c      0x34  tcp_out.o [1]
  .rodata            const     0x801'c880      0x30  api_msg.o [1]
  .rodata            const     0x801'c8b0      0x30  etharp.o [1]
  .rodata            const     0x801'c8e0      0x30  ip4.o [1]
  .rodata            const     0x801'c910      0x30  mem.o [1]
  .rodata            const     0x801'c940      0x30  mem.o [1]
  .rodata            const     0x801'c970      0x30  pbuf.o [1]
  .rodata            const     0x801'c9a0      0x30  pbuf.o [1]
  .rodata            const     0x801'c9d0      0x30  pbuf.o [1]
  .rodata            const     0x801'ca00      0x30  pbuf.o [1]
  .rodata            const     0x801'ca30      0x30  tcp.o [1]
  .rodata            const     0x801'ca60      0x30  tcp.o [1]
  .rodata            const     0x801'ca90      0x30  tcp_in.o [1]
  .rodata            const     0x801'cac0      0x30  tcp_out.o [1]
  .rodata            const     0x801'caf0      0x30  tcp_out.o [1]
  .rodata            const     0x801'cb20      0x30  udp.o [1]
  .rodata            const     0x801'cb50      0x2c  api_msg.o [1]
  .rodata            const     0x801'cb7c      0x2c  dhcp.o [1]
  .rodata            const     0x801'cba8      0x2c  etharp.o [1]
  .rodata            const     0x801'cbd4      0x2c  icmp.o [1]
  .rodata            const     0x801'cc00      0x2c  mem.o [1]
  .rodata            const     0x801'cc2c      0x2c  pbuf.o [1]
  .rodata            const     0x801'cc58      0x2c  pbuf.o [1]
  .rodata            const     0x801'cc84      0x2c  tcp.o [1]
  .rodata            const     0x801'ccb0      0x2c  tcp.o [1]
  .rodata            const     0x801'ccdc      0x2c  tcp.o [1]
  .rodata            const     0x801'cd08      0x2c  tcp.o [1]
  .rodata            const     0x801'cd34      0x2c  tcp_in.o [1]
  .rodata            const     0x801'cd60      0x2c  tcp_in.o [1]
  .rodata            const     0x801'cd8c      0x2c  tcp_in.o [1]
  .rodata            const     0x801'cdb8      0x2c  tcp_out.o [1]
  .rodata            const     0x801'cde4      0x2c  tcp_out.o [1]
  .rodata            const     0x801'ce10      0x28  api_lib.o [1]
  .rodata            const     0x801'ce38      0x28  api_msg.o [1]
  .rodata            const     0x801'ce60      0x28  api_msg.o [1]
  .rodata            const     0x801'ce88      0x28  dhcp.o [1]
  .rodata            const     0x801'ceb0      0x28  dhcp.o [1]
  .rodata            const     0x801'ced8      0x28  dhcp.o [1]
  .rodata            const     0x801'cf00      0x28  dhcp.o [1]
  .rodata            const     0x801'cf28      0x28  dhcp.o [1]
  .rodata            const     0x801'cf50      0x28  dhcp.o [1]
  .rodata            const     0x801'cf78      0x28  etharp.o [1]
  .rodata            const     0x801'cfa0      0x28  etharp.o [1]
  .rodata            const     0x801'cfc8      0x28  ethernet.o [1]
  .rodata            const     0x801'cff0      0x28  ethernetif.o [1]
  .rodata            const     0x801'd018      0x28  icmp.o [1]
  .rodata            const     0x801'd040      0x28  init.o [1]
  .rodata            const     0x801'd068      0x28  ip4.o [1]
  .rodata            const     0x801'd090      0x28  ip4_frag.o [1]
  .rodata            const     0x801'd0b8      0x28  ip4_frag.o [1]
  .rodata            const     0x801'd0e0      0x28  mem.o [1]
  .rodata            const     0x801'd108      0x28  memp.o [1]
  .rodata            const     0x801'd130      0x28  netbuf.o [1]
  .rodata            const     0x801'd158      0x28  netif.o [1]
  .rodata            const     0x801'd180      0x28  pbuf.o [1]
  .rodata            const     0x801'd1a8      0x28  tcp.o [1]
  .rodata            const     0x801'd1d0      0x28  tcp.o [1]
  .rodata            const     0x801'd1f8      0x28  tcp.o [1]
  .rodata            const     0x801'd220      0x28  tcp.o [1]
  .rodata            const     0x801'd248      0x28  tcp.o [1]
  .rodata            const     0x801'd270      0x28  tcp.o [1]
  .rodata            const     0x801'd298      0x28  tcp.o [1]
  .rodata            const     0x801'd2c0      0x28  tcp.o [1]
  .rodata            const     0x801'd2e8      0x28  tcp_in.o [1]
  .rodata            const     0x801'd310      0x28  tcp_in.o [1]
  .rodata            const     0x801'd338      0x28  tcp_in.o [1]
  .rodata            const     0x801'd360      0x28  tcp_in.o [1]
  .rodata            const     0x801'd388      0x28  tcp_out.o [1]
  .rodata            const     0x801'd3b0      0x28  tcp_out.o [1]
  .rodata            const     0x801'd3d8      0x28  tcp_out.o [1]
  .rodata            const     0x801'd400      0x28  tcpip.o [1]
  .rodata            const     0x801'd428      0x28  timeouts.o [1]
  .rodata            const     0x801'd450      0x28  timeouts.o [1]
  .rodata            const     0x801'd478      0x28  udp.o [1]
  .text              ro code   0x801'd4a0      0x28  data_init.o [4]
  .rodata            const     0x801'd4c8      0x24  api_lib.o [1]
  .rodata            const     0x801'd4ec      0x24  api_lib.o [1]
  .rodata            const     0x801'd510      0x24  api_lib.o [1]
  .rodata            const     0x801'd534      0x24  api_msg.o [1]
  .rodata            const     0x801'd558      0x24  api_msg.o [1]
  .rodata            const     0x801'd57c      0x24  api_msg.o [1]
  .rodata            const     0x801'd5a0      0x24  api_msg.o [1]
  .rodata            const     0x801'd5c4      0x24  dhcp.o [1]
  .rodata            const     0x801'd5e8      0x24  dhcp.o [1]
  .rodata            const     0x801'd60c      0x24  dhcp.o [1]
  .rodata            const     0x801'd630      0x24  etharp.o [1]
  .rodata            const     0x801'd654      0x24  ip4_frag.o [1]
  .rodata            const     0x801'd678      0x24  main.o [1]
  .rodata            const     0x801'd69c      0x24  mem.o [1]
  .rodata            const     0x801'd6c0      0x24  mem.o [1]
  .rodata            const     0x801'd6e4      0x24  memp.o [1]
  .rodata            const     0x801'd708      0x24  pbuf.o [1]
  .rodata            const     0x801'd72c      0x24  pbuf.o [1]
  .rodata            const     0x801'd750      0x24  pbuf.o [1]
  .rodata            const     0x801'd774      0x24  tcp.o [1]
  .rodata            const     0x801'd798      0x24  tcp.o [1]
  .rodata            const     0x801'd7bc      0x24  tcpip.o [1]
  .rodata            const     0x801'd7e0      0x24  tcpip.o [1]
  .text              ro code   0x801'd804      0x24  stm32f7xx_it.o [1]
  .text              ro code   0x801'd828      0x22  fpinit_M.o [3]
  .iar.init_table    const     0x801'd84c      0x20  - Linker created -
  .rodata            const     0x801'd86c      0x20  api_lib.o [1]
  .rodata            const     0x801'd88c      0x20  api_lib.o [1]
  .rodata            const     0x801'd8ac      0x20  api_lib.o [1]
  .rodata            const     0x801'd8cc      0x20  api_lib.o [1]
  .rodata            const     0x801'd8ec      0x20  api_lib.o [1]
  .rodata            const     0x801'd90c      0x20  api_msg.o [1]
  .rodata            const     0x801'd92c      0x20  api_msg.o [1]
  .rodata            const     0x801'd94c      0x20  api_msg.o [1]
  .rodata            const     0x801'd96c      0x20  api_msg.o [1]
  .rodata            const     0x801'd98c      0x20  api_msg.o [1]
  .rodata            const     0x801'd9ac      0x20  api_msg.o [1]
  .rodata            const     0x801'd9cc      0x20  api_msg.o [1]
  .rodata            const     0x801'd9ec      0x20  api_msg.o [1]
  .rodata            const     0x801'da0c      0x20  dhcp.o [1]
  .rodata            const     0x801'da2c      0x20  dhcp.o [1]
  .rodata            const     0x801'da4c      0x20  dhcp.o [1]
  .rodata            const     0x801'da6c      0x20  httpserver-netconn.o [1]
  .rodata            const     0x801'da8c      0x20  httpserver-netconn.o [1]
  .rodata            const     0x801'daac      0x20  ip4_frag.o [1]
  .rodata            const     0x801'dacc      0x20  ip4_frag.o [1]
  .rodata            const     0x801'daec      0x20  ip4_frag.o [1]
  .rodata            const     0x801'db0c      0x20  mem.o [1]
  .rodata            const     0x801'db2c      0x20  memp.o [1]
  .rodata            const     0x801'db4c      0x20  memp.o [1]
  .rodata            const     0x801'db6c      0x20  netbuf.o [1]
  .rodata            const     0x801'db8c      0x20  pbuf.o [1]
  .rodata            const     0x801'dbac      0x20  pbuf.o [1]
  .rodata            const     0x801'dbcc      0x20  tcp.o [1]
  .rodata            const     0x801'dbec      0x20  tcp_in.o [1]
  .rodata            const     0x801'dc0c      0x20  tcp_in.o [1]
  .rodata            const     0x801'dc2c      0x20  tcp_in.o [1]
  .rodata            const     0x801'dc4c      0x20  tcp_in.o [1]
  .rodata            const     0x801'dc6c      0x20  tcp_in.o [1]
  .rodata            const     0x801'dc8c      0x20  tcp_out.o [1]
  .rodata            const     0x801'dcac      0x20  tcp_out.o [1]
  .rodata            const     0x801'dccc      0x20  tcp_out.o [1]
  .rodata            const     0x801'dcec      0x20  tcpip.o [1]
  .text              ro code   0x801'dd0c      0x1e  cmain.o [4]
  .text              ro code   0x801'dd2a       0x4  low_level_init.o [2]
  .text              ro code   0x801'dd2e       0x4  exit.o [2]
  .text              ro code   0x801'dd34       0xa  cexit.o [4]
  .rodata            const     0x801'dd40      0x1c  api_lib.o [1]
  .rodata            const     0x801'dd5c      0x1c  api_lib.o [1]
  .rodata            const     0x801'dd78      0x1c  api_lib.o [1]
  .rodata            const     0x801'dd94      0x1c  api_lib.o [1]
  .rodata            const     0x801'ddb0      0x1c  api_lib.o [1]
  .rodata            const     0x801'ddcc      0x1c  api_msg.o [1]
  .rodata            const     0x801'dde8      0x1c  api_msg.o [1]
  .rodata            const     0x801'de04      0x1c  api_msg.o [1]
  .rodata            const     0x801'de20      0x1c  api_msg.o [1]
  .rodata            const     0x801'de3c      0x1c  dhcp.o [1]
  .rodata            const     0x801'de58      0x1c  dhcp.o [1]
  .rodata            const     0x801'de74      0x1c  etharp.o [1]
  .rodata            const     0x801'de90      0x1c  httpserver-netconn.o [1]
  .rodata            const     0x801'deac      0x1c  httpserver-netconn.o [1]
  .rodata            const     0x801'dec8      0x1c  httpserver-netconn.o [1]
  .rodata            const     0x801'dee4      0x1c  httpserver-netconn.o [1]
  .rodata            const     0x801'df00      0x1c  ip4_frag.o [1]
  .rodata            const     0x801'df1c      0x1c  ip4_frag.o [1]
  .rodata            const     0x801'df38      0x1c  ip4_frag.o [1]
  .rodata            const     0x801'df54      0x1c  mem.o [1]
  .rodata            const     0x801'df70      0x1c  mem.o [1]
  .rodata            const     0x801'df8c      0x1c  mem.o [1]
  .rodata            const     0x801'dfa8      0x1c  mem.o [1]
  .rodata            const     0x801'dfc4      0x1c  memp.o [1]
  .rodata            const     0x801'dfe0      0x1c  netbuf.o [1]
  .rodata            const     0x801'dffc      0x1c  netbuf.o [1]
  .rodata            const     0x801'e018      0x1c  pbuf.o [1]
  .rodata            const     0x801'e034      0x1c  pbuf.o [1]
  .rodata            const     0x801'e050      0x1c  pbuf.o [1]
  .rodata            const     0x801'e06c      0x1c  pbuf.o [1]
  .rodata            const     0x801'e088      0x1c  pbuf.o [1]
  .rodata            const     0x801'e0a4      0x1c  tcp.o [1]
  .rodata            const     0x801'e0c0      0x1c  tcp.o [1]
  .rodata            const     0x801'e0dc      0x1c  tcp.o [1]
  .rodata            const     0x801'e0f8      0x1c  tcp_in.o [1]
  .rodata            const     0x801'e114      0x1c  tcp_in.o [1]
  .rodata            const     0x801'e130      0x18  api_lib.o [1]
  .rodata            const     0x801'e148      0x18  api_msg.o [1]
  .rodata            const     0x801'e160      0x18  dhcp.o [1]
  .rodata            const     0x801'e178      0x18  dhcp.o [1]
  .rodata            const     0x801'e190      0x18  dhcp.o [1]
  .rodata            const     0x801'e1a8      0x18  dhcp.o [1]
  .rodata            const     0x801'e1c0      0x18  etharp.o [1]
  .rodata            const     0x801'e1d8      0x18  httpserver-netconn.o [1]
  .rodata            const     0x801'e1f0      0x18  mem.o [1]
  .rodata            const     0x801'e208      0x18  mem.o [1]
  .rodata            const     0x801'e220      0x18  mem.o [1]
  .rodata            const     0x801'e238      0x18  netif.o [1]
  .rodata            const     0x801'e250      0x18  pbuf.o [1]
  .rodata            const     0x801'e268      0x18  pbuf.o [1]
  .rodata            const     0x801'e280      0x18  pbuf.o [1]
  .rodata            const     0x801'e298      0x18  pbuf.o [1]
  .rodata            const     0x801'e2b0      0x18  pbuf.o [1]
  .rodata            const     0x801'e2c8      0x18  tcp.o [1]
  .rodata            const     0x801'e2e0      0x18  tcp.o [1]
  .rodata            const     0x801'e2f8      0x18  tcp_in.o [1]
  .rodata            const     0x801'e310      0x18  tcp_out.o [1]
  .rodata            const     0x801'e328      0x18  tcp_out.o [1]
  .rodata            const     0x801'e340      0x18  tcp_out.o [1]
  .rodata            const     0x801'e358      0x18  tcp_out.o [1]
  .text              ro code   0x801'e370      0x16  xprout.o [2]
  .text              ro code   0x801'e388       0xc  putchar.o [2]
  .rodata            const     0x801'e394      0x14  api_msg.o [1]
  .rodata            const     0x801'e3a8      0x14  api_msg.o [1]
  .rodata            const     0x801'e3bc      0x14  api_msg.o [1]
  .rodata            const     0x801'e3d0      0x14  dhcp.o [1]
  .rodata            const     0x801'e3e4      0x14  dhcp.o [1]
  .rodata            const     0x801'e3f8      0x14  dhcp.o [1]
  .rodata            const     0x801'e40c      0x14  dhcp.o [1]
  .rodata            const     0x801'e420      0x14  dhcp.o [1]
  .rodata            const     0x801'e434      0x14  etharp.o [1]
  .rodata            const     0x801'e448      0x14  ethernetif.o [1]
  .rodata            const     0x801'e45c      0x14  fs.o [1]
  .rodata            const     0x801'e470      0x14  fs.o [1]
  .rodata            const     0x801'e484      0x14  fs.o [1]
  .rodata            const     0x801'e498      0x14  fs.o [1]
  .rodata            const     0x801'e4ac      0x14  fs.o [1]
  .rodata            const     0x801'e4c0      0x14  httpserver-netconn.o [1]
  .rodata            const     0x801'e4d4      0x14  iot_log.o [1]
  .rodata            const     0x801'e4e8      0x14  iot_log.o [1]
  .rodata            const     0x801'e4fc      0x14  iot_log.o [1]
  .rodata            const     0x801'e510      0x14  iot_log.o [1]
  .rodata            const     0x801'e524      0x14  iot_log.o [1]
  .rodata            const     0x801'e538      0x14  iot_log.o [1]
  .rodata            const     0x801'e54c      0x14  ip4_frag.o [1]
  .rodata            const     0x801'e560      0x14  main.o [1]
  .rodata            const     0x801'e574      0x14  main.o [1]
  .rodata            const     0x801'e588      0x14  main.o [1]
  .rodata            const     0x801'e59c      0x14  mem.o [1]
  .rodata            const     0x801'e5b0      0x14  pbuf.o [1]
  .rodata            const     0x801'e5c4      0x14  pbuf.o [1]
  .rodata            const     0x801'e5d8      0x14  pbuf.o [1]
  .rodata            const     0x801'e5ec      0x14  tcp_in.o [1]
  .rodata            const     0x801'e600      0x14  tcp_in.o [1]
  .rodata            const     0x801'e614      0x14  tcp_out.o [1]
  .rodata            const     0x801'e628      0x14  tcp_out.o [1]
  .rodata            const     0x801'e63c      0x14  udp.o [1]
  .rodata            const     0x801'e650      0x10  api_msg.o [1]
  .rodata            const     0x801'e660      0x10  api_msg.o [1]
  .rodata            const     0x801'e670      0x10  api_msg.o [1]
  .rodata            const     0x801'e680      0x10  dhcp.o [1]
  .rodata            const     0x801'e690      0x10  etharp.o [1]
  .rodata            const     0x801'e6a0      0x10  etharp.o [1]
  .rodata            const     0x801'e6b0      0x10  ethernetif.o [1]
  .rodata            const     0x801'e6c0      0x10  httpserver-netconn.o [1]
  .rodata            const     0x801'e6d0      0x10  ip4_frag.o [1]
  .rodata            const     0x801'e6e0      0x10  main.o [1]
  .rodata            const     0x801'e6f0      0x10  pbuf.o [1]
  .rodata            const     0x801'e700      0x10  pbuf.o [1]
  .rodata            const     0x801'e710      0x10  pbuf.o [1]
  .rodata            const     0x801'e720      0x10  system_stm32f7xx.o [1]
  .rodata            const     0x801'e730      0x10  tasks.o [1]
  .rodata            const     0x801'e740      0x10  tcp.o [1]
  .rodata            const     0x801'e750      0x10  tcp.o [1]
  .rodata            const     0x801'e760      0x10  tcp.o [1]
  .rodata            const     0x801'e770      0x10  tcp_in.o [1]
  .rodata            const     0x801'e780      0x10  tcp_in.o [1]
  .rodata            const     0x801'e790      0x10  tcp_in.o [1]
  .rodata            const     0x801'e7a0      0x10  tcp_in.o [1]
  .rodata            const     0x801'e7b0      0x10  tcp_out.o [1]
  .rodata            const     0x801'e7c0      0x10  tcpip.o [1]
  .text              ro code   0x801'e7d0      0x10  startup_stm32f746xx.o [1]
  .rodata            const     0x801'e7e0       0xc  api_lib.o [1]
  .rodata            const     0x801'e7ec       0xc  api_lib.o [1]
  .rodata            const     0x801'e7f8       0xc  dhcp.o [1]
  .rodata            const     0x801'e804       0xc  dhcp.o [1]
  .rodata            const     0x801'e810       0xc  etharp.o [1]
  .rodata            const     0x801'e81c       0xc  httpserver-netconn.o [1]
  .rodata            const     0x801'e828       0xc  ip4.o [1]
  .rodata            const     0x801'e834       0xc  ip4_frag.o [1]
  .rodata            const     0x801'e840       0xc  ip4_frag.o [1]
  .rodata            const     0x801'e84c       0xc  ip4_frag.o [1]
  .rodata            const     0x801'e858       0xc  ip4_frag.o [1]
  .rodata            const     0x801'e864       0xc  main.o [1]
  .rodata            const     0x801'e870       0xc  main.o [1]
  .rodata            const     0x801'e87c       0xc  main.o [1]
  .rodata            const     0x801'e888       0xc  main.o [1]
  .rodata            const     0x801'e894       0xc  memp.o [1]
  .rodata            const     0x801'e8a0       0xc  memp.o [1]
  .rodata            const     0x801'e8ac       0xc  memp.o [1]
  .rodata            const     0x801'e8b8       0xc  memp.o [1]
  .rodata            const     0x801'e8c4       0xc  memp.o [1]
  .rodata            const     0x801'e8d0       0xc  memp.o [1]
  .rodata            const     0x801'e8dc       0xc  memp.o [1]
  .rodata            const     0x801'e8e8       0xc  memp.o [1]
  .rodata            const     0x801'e8f4       0xc  memp.o [1]
  .rodata            const     0x801'e900       0xc  memp.o [1]
  .rodata            const     0x801'e90c       0xc  memp.o [1]
  .rodata            const     0x801'e918       0xc  memp.o [1]
  .rodata            const     0x801'e924       0xc  memp.o [1]
  .rodata            const     0x801'e930       0xc  pbuf.o [1]
  .rodata            const     0x801'e93c       0xc  tcp.o [1]
  .rodata            const     0x801'e948       0xc  tcp_in.o [1]
  .text              ro code   0x801'e954       0xc  cstartup_M.o [4]
  .rodata            const     0x801'e960       0x8  api_msg.o [1]
  .rodata            const     0x801'e968       0x8  ethernet.o [1]
  .rodata            const     0x801'e970       0x8  ethernet.o [1]
  .rodata            const     0x801'e978       0x8  ethernetif.o [1]
  .rodata            const     0x801'e980       0x8  ethernetif.o [1]
  .rodata            const     0x801'e988       0x8  httpserver-netconn.o [1]
  .rodata            const     0x801'e990       0x8  httpserver-netconn.o [1]
  .rodata            const     0x801'e998       0x8  httpserver-netconn.o [1]
  .rodata            const     0x801'e9a0       0x8  main.o [1]
  .rodata            const     0x801'e9a8       0x8  main.o [1]
  .rodata            const     0x801'e9b0       0x8  main.o [1]
  .rodata            const     0x801'e9b8       0x8  stm32f7xx_nucleo_144.o [1]
  .rodata            const     0x801'e9c0       0x8  sys_arch.o [1]
  .rodata            const     0x801'e9c8       0x8  system_stm32f7xx.o [1]
  .rodata            const     0x801'e9d0       0x8  tasks.o [1]
  .rodata            const     0x801'e9d8       0x8  tcp.o [1]
  .rodata            const     0x801'e9e0       0x8  tcpip.o [1]
  .rodata            const     0x801'e9e8       0x8  xprintffull_nomb.o [2]
  .rodata            const     0x801'e9f0       0x4  heap_4.o [1]
  .rodata            const     0x801'e9f4       0x4  ip4_addr.o [1]
  .rodata            const     0x801'e9f8       0x4  ip4_addr.o [1]
  .rodata            const     0x801'e9fc       0x4  port.o [1]
  .rodata            const     0x801'ea00       0x4  sys_arch.o [1]
  .text              ro code   0x801'ea04       0x4  startup_stm32f746xx.o [1]
  .text              ro code   0x801'ea08       0x4  startup_stm32f746xx.o [1]
  .text              ro code   0x801'ea0c       0x4  startup_stm32f746xx.o [1]
  .text              ro code   0x801'ea10       0x4  startup_stm32f746xx.o [1]
  .text              ro code   0x801'ea14       0x4  startup_stm32f746xx.o [1]
  .text              ro code   0x801'ea18       0x4  startup_stm32f746xx.o [1]
  .text              ro code   0x801'ea1c       0x4  startup_stm32f746xx.o [1]
  .text              ro code   0x801'ea20       0x4  startup_stm32f746xx.o [1]
  .text              ro code   0x801'ea24       0x4  startup_stm32f746xx.o [1]
  .text              ro code   0x801'ea28       0x4  startup_stm32f746xx.o [1]
  .text              ro code   0x801'ea2c       0x4  startup_stm32f746xx.o [1]
  .text              ro code   0x801'ea30       0x4  startup_stm32f746xx.o [1]
  .text              ro code   0x801'ea34       0x4  startup_stm32f746xx.o [1]
  .text              ro code   0x801'ea38       0x4  startup_stm32f746xx.o [1]
  .text              ro code   0x801'ea3c       0x4  startup_stm32f746xx.o [1]
  .text              ro code   0x801'ea40       0x4  startup_stm32f746xx.o [1]
  .text              ro code   0x801'ea44       0x4  startup_stm32f746xx.o [1]
  .text              ro code   0x801'ea48       0x4  startup_stm32f746xx.o [1]
  .text              ro code   0x801'ea4c       0x4  startup_stm32f746xx.o [1]
  .text              ro code   0x801'ea50       0x4  startup_stm32f746xx.o [1]
  .text              ro code   0x801'ea54       0x4  startup_stm32f746xx.o [1]
  .text              ro code   0x801'ea58       0x4  startup_stm32f746xx.o [1]
  .text              ro code   0x801'ea5c       0x4  startup_stm32f746xx.o [1]
  .text              ro code   0x801'ea60       0x4  startup_stm32f746xx.o [1]
  .text              ro code   0x801'ea64       0x4  startup_stm32f746xx.o [1]
  .text              ro code   0x801'ea68       0x4  startup_stm32f746xx.o [1]
  .text              ro code   0x801'ea6c       0x4  startup_stm32f746xx.o [1]
  .text              ro code   0x801'ea70       0x4  startup_stm32f746xx.o [1]
  .text              ro code   0x801'ea74       0x4  startup_stm32f746xx.o [1]
  .text              ro code   0x801'ea78       0x4  startup_stm32f746xx.o [1]
  .text              ro code   0x801'ea7c       0x4  startup_stm32f746xx.o [1]
  .text              ro code   0x801'ea80       0x4  startup_stm32f746xx.o [1]
  .text              ro code   0x801'ea84       0x4  startup_stm32f746xx.o [1]
  .text              ro code   0x801'ea88       0x4  startup_stm32f746xx.o [1]
  .text              ro code   0x801'ea8c       0x4  startup_stm32f746xx.o [1]
  .text              ro code   0x801'ea90       0x4  startup_stm32f746xx.o [1]
  .text              ro code   0x801'ea94       0x4  startup_stm32f746xx.o [1]
  .text              ro code   0x801'ea98       0x4  startup_stm32f746xx.o [1]
  .text              ro code   0x801'ea9c       0x4  startup_stm32f746xx.o [1]
  .text              ro code   0x801'eaa0       0x4  startup_stm32f746xx.o [1]
  .text              ro code   0x801'eaa4       0x4  startup_stm32f746xx.o [1]
  .text              ro code   0x801'eaa8       0x4  startup_stm32f746xx.o [1]
  .text              ro code   0x801'eaac       0x4  startup_stm32f746xx.o [1]
  .text              ro code   0x801'eab0       0x4  startup_stm32f746xx.o [1]
  .text              ro code   0x801'eab4       0x4  startup_stm32f746xx.o [1]
  .text              ro code   0x801'eab8       0x4  startup_stm32f746xx.o [1]
  .text              ro code   0x801'eabc       0x4  startup_stm32f746xx.o [1]
  .text              ro code   0x801'eac0       0x4  startup_stm32f746xx.o [1]
  .text              ro code   0x801'eac4       0x4  startup_stm32f746xx.o [1]
  .text              ro code   0x801'eac8       0x4  startup_stm32f746xx.o [1]
  .text              ro code   0x801'eacc       0x4  startup_stm32f746xx.o [1]
  .text              ro code   0x801'ead0       0x4  startup_stm32f746xx.o [1]
  .text              ro code   0x801'ead4       0x4  startup_stm32f746xx.o [1]
  .text              ro code   0x801'ead8       0x4  startup_stm32f746xx.o [1]
  .text              ro code   0x801'eadc       0x4  startup_stm32f746xx.o [1]
  .text              ro code   0x801'eae0       0x4  startup_stm32f746xx.o [1]
  .text              ro code   0x801'eae4       0x4  startup_stm32f746xx.o [1]
  .text              ro code   0x801'eae8       0x4  startup_stm32f746xx.o [1]
  .text              ro code   0x801'eaec       0x4  startup_stm32f746xx.o [1]
  .text              ro code   0x801'eaf0       0x4  startup_stm32f746xx.o [1]
  .text              ro code   0x801'eaf4       0x4  startup_stm32f746xx.o [1]
  .text              ro code   0x801'eaf8       0x4  startup_stm32f746xx.o [1]
  .text              ro code   0x801'eafc       0x4  startup_stm32f746xx.o [1]
  .text              ro code   0x801'eb00       0x4  startup_stm32f746xx.o [1]
  .text              ro code   0x801'eb04       0x4  startup_stm32f746xx.o [1]
  .text              ro code   0x801'eb08       0x4  startup_stm32f746xx.o [1]
  .text              ro code   0x801'eb0c       0x4  startup_stm32f746xx.o [1]
  .text              ro code   0x801'eb10       0x4  startup_stm32f746xx.o [1]
  .text              ro code   0x801'eb14       0x4  startup_stm32f746xx.o [1]
  .text              ro code   0x801'eb18       0x4  startup_stm32f746xx.o [1]
  .text              ro code   0x801'eb1c       0x4  startup_stm32f746xx.o [1]
  .text              ro code   0x801'eb20       0x4  startup_stm32f746xx.o [1]
  .text              ro code   0x801'eb24       0x4  startup_stm32f746xx.o [1]
  .text              ro code   0x801'eb28       0x4  startup_stm32f746xx.o [1]
  .text              ro code   0x801'eb2c       0x4  startup_stm32f746xx.o [1]
  .text              ro code   0x801'eb30       0x4  startup_stm32f746xx.o [1]
  .text              ro code   0x801'eb34       0x4  startup_stm32f746xx.o [1]
  .text              ro code   0x801'eb38       0x4  startup_stm32f746xx.o [1]
  .text              ro code   0x801'eb3c       0x4  startup_stm32f746xx.o [1]
  .text              ro code   0x801'eb40       0x4  startup_stm32f746xx.o [1]
  .text              ro code   0x801'eb44       0x4  startup_stm32f746xx.o [1]
  .text              ro code   0x801'eb48       0x4  startup_stm32f746xx.o [1]
  .text              ro code   0x801'eb4c       0x4  startup_stm32f746xx.o [1]
  .text              ro code   0x801'eb50       0x4  startup_stm32f746xx.o [1]
  .text              ro code   0x801'eb54       0x4  startup_stm32f746xx.o [1]
  .text              ro code   0x801'eb58       0x4  startup_stm32f746xx.o [1]
  .text              ro code   0x801'eb5c       0x4  startup_stm32f746xx.o [1]
  .text              ro code   0x801'eb60       0x4  startup_stm32f746xx.o [1]
  .text              ro code   0x801'eb64       0x4  startup_stm32f746xx.o [1]
  .text              ro code   0x801'eb68       0x4  startup_stm32f746xx.o [1]
  .text              ro code   0x801'eb6c       0x4  startup_stm32f746xx.o [1]
  .text              ro code   0x801'eb70       0x4  startup_stm32f746xx.o [1]
  .text              ro code   0x801'eb74       0x4  startup_stm32f746xx.o [1]
  .text              ro code   0x801'eb78       0x4  startup_stm32f746xx.o [1]
  .text              ro code   0x801'eb7c       0x4  startup_stm32f746xx.o [1]
  .rodata            const     0x801'eb80       0x0  zero_init3.o [4]
  .rodata            const     0x801'eb80       0x0  packbits_init_single.o [4]
  Initializer bytes  const     0x801'eb80      0x7e  <for P2-1>
                             - 0x801'ebfe  0x1'ea36

"P2", part 1 of 3:                             0xa9
  P2-1                        0x2000'0000      0xa9  <Init block>
    .data            inited   0x2000'0000       0x4  dhcp.o [1]
    .data            inited   0x2000'0004       0x4  port.o [1]
    .data            inited   0x2000'0008       0xc  stm32f7xx_nucleo_144.o [1]
    .data            inited   0x2000'0014       0x4  system_stm32f7xx.o [1]
    .data            inited   0x2000'0018       0x4  tcp.o [1]
    .data            inited   0x2000'001c       0x8  rand.o [2]
    .data            inited   0x2000'0024      0x48  xfiles.o [2]
    .data            inited   0x2000'006c      0x38  xlocale_c.o [2]
    .data            inited   0x2000'00a4       0x2  tcp.o [1]
    .data            inited   0x2000'00a6       0x2  udp.o [1]
    .data            inited   0x2000'00a8       0x1  stm32f7xx_hal.o [1]
                            - 0x2000'00a9      0xa9

"P2", part 2 of 3:                           0xbc94
  .bss               zero     0x2000'00ac    0x5000  heap_4.o [1]
  .bss               zero     0x2000'50ac    0x3024  memp.o [1]
  .bss               zero     0x2000'80d0    0x2814  mem.o [1]
  .bss               zero     0x2000'a8e4     0x5cc  memp.o [1]
  .bss               zero     0x2000'aeb0     0x200  iot_log.o [1]
  .bss               zero     0x2000'b0b0     0x16c  memp.o [1]
  .bss               zero     0x2000'b21c      0xf0  etharp.o [1]
  .bss               zero     0x2000'b30c      0xc4  memp.o [1]
  .bss               zero     0x2000'b3d0      0xa4  memp.o [1]
  .bss               zero     0x2000'b474      0xa4  memp.o [1]
  .bss               zero     0x2000'b518      0xa4  memp.o [1]
  .bss               zero     0x2000'b5bc      0xa4  memp.o [1]
  .bss               zero     0x2000'b660      0x90  memp.o [1]
  .bss               zero     0x2000'b6f0      0x8c  tasks.o [1]
  .bss               zero     0x2000'b77c      0x84  memp.o [1]
  .bss               zero     0x2000'b800      0x84  memp.o [1]
  .bss               zero     0x2000'b884      0x84  memp.o [1]
  .bss               zero     0x2000'b908      0x84  rand.o [2]
  .bss               zero     0x2000'b98c      0x70  main.o [1]
  .bss               zero     0x2000'b9fc      0x50  xfiles.o [2]
  .bss               zero     0x2000'ba4c      0x48  ethernetif.o [1]
  .bss               zero     0x2000'ba94      0x40  queue.o [1]
  .bss               zero     0x2000'bad4      0x40  stm32f7xx_hal_timebase_tim.o [1]
  .bss               zero     0x2000'bb14      0x3c  main.o [1]
  .bss               zero     0x2000'bb50      0x24  memp.o [1]
  .bss               zero     0x2000'bb74      0x20  dhcp.o [1]
  .bss               zero     0x2000'bb94      0x18  ip.o [1]
  .bss               zero     0x2000'bbac      0x14  tasks.o [1]
  .bss               zero     0x2000'bbc0      0x14  tasks.o [1]
  .bss               zero     0x2000'bbd4      0x14  tasks.o [1]
  .bss               zero     0x2000'bbe8      0x14  tasks.o [1]
  .bss               zero     0x2000'bbfc      0x10  tcp_in.o [1]
  .bss               zero     0x2000'bc0c       0x8  dhcp.o [1]
  .bss               zero     0x2000'bc14       0x8  heap_4.o [1]
  .bss               zero     0x2000'bc1c       0x4  dhcp.o [1]
  .bss               zero     0x2000'bc20       0x4  dhcp.o [1]
  .bss               zero     0x2000'bc24       0x4  ethernetif.o [1]
  .bss               zero     0x2000'bc28       0x4  heap_4.o [1]
  .bss               zero     0x2000'bc2c       0x4  heap_4.o [1]
  .bss               zero     0x2000'bc30       0x4  heap_4.o [1]
  .bss               zero     0x2000'bc34       0x4  heap_4.o [1]
  .bss               zero     0x2000'bc38       0x4  httpserver-netconn.o [1]
  .bss               zero     0x2000'bc3c       0x4  ip4_frag.o [1]
  .bss               zero     0x2000'bc40       0x4  mem.o [1]
  .bss               zero     0x2000'bc44       0x4  mem.o [1]
  .bss               zero     0x2000'bc48       0x4  mem.o [1]
  .bss               zero     0x2000'bc4c       0x4  mem.o [1]
  .bss               zero     0x2000'bc50       0x4  memp.o [1]
  .bss               zero     0x2000'bc54       0x4  memp.o [1]
  .bss               zero     0x2000'bc58       0x4  memp.o [1]
  .bss               zero     0x2000'bc5c       0x4  memp.o [1]
  .bss               zero     0x2000'bc60       0x4  memp.o [1]
  .bss               zero     0x2000'bc64       0x4  memp.o [1]
  .bss               zero     0x2000'bc68       0x4  memp.o [1]
  .bss               zero     0x2000'bc6c       0x4  memp.o [1]
  .bss               zero     0x2000'bc70       0x4  memp.o [1]
  .bss               zero     0x2000'bc74       0x4  memp.o [1]
  .bss               zero     0x2000'bc78       0x4  memp.o [1]
  .bss               zero     0x2000'bc7c       0x4  memp.o [1]
  .bss               zero     0x2000'bc80       0x4  memp.o [1]
  .bss               zero     0x2000'bc84       0x4  netif.o [1]
  .bss               zero     0x2000'bc88       0x4  netif.o [1]
  .bss               zero     0x2000'bc8c       0x4  port.o [1]
  .bss               zero     0x2000'bc90       0x4  stm32f7xx_hal.o [1]
  .bss               zero     0x2000'bc94       0x4  sys_arch.o [1]
  .bss               zero     0x2000'bc98       0x4  tasks.o [1]
  .bss               zero     0x2000'bc9c       0x4  tasks.o [1]
  .bss               zero     0x2000'bca0       0x4  tasks.o [1]
  .bss               zero     0x2000'bca4       0x4  tasks.o [1]
  .bss               zero     0x2000'bca8       0x4  tasks.o [1]
  .bss               zero     0x2000'bcac       0x4  tasks.o [1]
  .bss               zero     0x2000'bcb0       0x4  tasks.o [1]
  .bss               zero     0x2000'bcb4       0x4  tasks.o [1]
  .bss               zero     0x2000'bcb8       0x4  tasks.o [1]
  .bss               zero     0x2000'bcbc       0x4  tasks.o [1]
  .bss               zero     0x2000'bcc0       0x4  tasks.o [1]
  .bss               zero     0x2000'bcc4       0x4  tasks.o [1]
  .bss               zero     0x2000'bcc8       0x4  tasks.o [1]
  .bss               zero     0x2000'bccc       0x4  tasks.o [1]
  .bss               zero     0x2000'bcd0       0x4  tasks.o [1]
  .bss               zero     0x2000'bcd4       0x4  tcp.o [1]
  .bss               zero     0x2000'bcd8       0x4  tcp.o [1]
  .bss               zero     0x2000'bcdc       0x4  tcp.o [1]
  .bss               zero     0x2000'bce0       0x4  tcp.o [1]
  .bss               zero     0x2000'bce4       0x4  tcp.o [1]
  .bss               zero     0x2000'bce8       0x4  tcp_in.o [1]
  .bss               zero     0x2000'bcec       0x4  tcp_in.o [1]
  .bss               zero     0x2000'bcf0       0x4  tcp_in.o [1]
  .bss               zero     0x2000'bcf4       0x4  tcp_in.o [1]
  .bss               zero     0x2000'bcf8       0x4  tcp_in.o [1]
  .bss               zero     0x2000'bcfc       0x4  tcp_in.o [1]
  .bss               zero     0x2000'bd00       0x4  tcpip.o [1]
  .bss               zero     0x2000'bd04       0x4  tcpip.o [1]
  .bss               zero     0x2000'bd08       0x4  tcpip.o [1]
  .bss               zero     0x2000'bd0c       0x4  tcpip.o [1]
  .bss               zero     0x2000'bd10       0x4  timeouts.o [1]
  .bss               zero     0x2000'bd14       0x4  timeouts.o [1]
  .bss               zero     0x2000'bd18       0x4  timeouts.o [1]
  .bss               zero     0x2000'bd1c       0x4  udp.o [1]
  .bss               zero     0x2000'bd20       0x4  xfail_s.o [2]
  .bss               zero     0x2000'bd24       0x2  ip4.o [1]
  .bss               zero     0x2000'bd26       0x2  ip4_frag.o [1]
  .bss               zero     0x2000'bd28       0x2  tcp_in.o [1]
  .bss               zero     0x2000'bd2a       0x2  tcp_in.o [1]
  .bss               zero     0x2000'bd2c       0x2  tcp_in.o [1]
  .bss               zero     0x2000'bd2e       0x2  tcp_in.o [1]
  .bss               zero     0x2000'bd30       0x2  tcp_in.o [1]
  .bss               zero     0x2000'bd32       0x1  api_msg.o [1]
  .bss               zero     0x2000'bd33       0x1  app_ethernet.o [1]
  .bss               zero     0x2000'bd34       0x1  dhcp.o [1]
  .bss               zero     0x2000'bd35       0x1  etharp.o [1]
  .bss               zero     0x2000'bd36       0x1  iot_log.o [1]
  .bss               zero     0x2000'bd37       0x1  netif.o [1]
  .bss               zero     0x2000'bd38       0x1  port.o [1]
  .bss               zero     0x2000'bd39       0x1  tcp.o [1]
  .bss               zero     0x2000'bd3a       0x1  tcp.o [1]
  .bss               zero     0x2000'bd3b       0x1  tcp.o [1]
  .bss               zero     0x2000'bd3c       0x1  tcp_in.o [1]
  .bss               zero     0x2000'bd3d       0x1  tcp_in.o [1]
                            - 0x2000'bd3e    0xbc92

"P2", part 3 of 3:                            0x460
  CSTACK                      0x2000'bd40     0x460  <Block>
    CSTACK           uninit   0x2000'bd40     0x460  <Block tail>
                            - 0x2000'c1a0     0x460

Absolute sections:                           0x30a0
  .noinit            uninit   0x2004'c000      0x80  ethernetif.o [1]
  .noinit            uninit   0x2004'c080      0x80  ethernetif.o [1]
  .noinit            uninit   0x2004'c100    0x17d0  ethernetif.o [1]
  .noinit            uninit   0x2004'd8d0    0x17d0  ethernetif.o [1]
                            - 0x2004'f0a0    0x30a0

Unused ranges:

         From           To      Size
         ----           --      ----
   0x801'ebfe   0x80f'ffff  0xe'1402
  0x2000'00a9  0x2000'00ab       0x3
  0x2000'c1a0  0x2004'bfff  0x3'fe60
  0x2004'f0a0  0x2004'ffff     0xf60


*******************************************************************************
*** INIT TABLE
***

          Address      Size
          -------      ----
Zero (__iar_zero_init3)
    1 destination range, total size 0xbc92:
          0x2000'00ac  0xbc92

Copy/packbits (__iar_packbits_init_single3)
    1 source range, total size 0x7e (74% of destination):
           0x801'eb80    0x7e
    1 destination range, total size 0xa9:
          0x2000'0000    0xa9



*******************************************************************************
*** MODULE SUMMARY
***

    Module                        ro code  ro data  rw data  rw data
                                                              (abs)
    ------                        -------  -------  -------  -------
command line/config:
    ----------------------------------------------------------------
    Total:

G:\LINUSZ\NUCLEO-F746ZG\STM32Cube_FW_F7_V1.14.0\Projects\STM32F746ZG-Nucleo\Applications\LwIP\LwIP_HTTP_Server_Netconn_RTOS\EWARM\STM32746G_Nucleo\Obj: [1]
    api_lib.o                       1'514      592
    api_msg.o                       5'148    1'092        1
    app_ethernet.o                    212                 1
    cmsis_os.o                      1'064
    def.o                              44
    dhcp.o                          5'746    1'274       53
    etharp.o                        2'964      608      241
    ethernet.o                        360      208
    ethernetif.o                    1'196      236       76   12'448
    fs.o                               78   36'052
    heap_4.o                          648        4   20'504
    httpserver-netconn.o              680    2'092        4
    icmp.o                            712      292
    inet_chksum.o                     212
    init.o                             72      204
    iot_log.o                         448      120      513
    ip.o                                                 24
    ip4.o                           1'072      200        2
    ip4_addr.o                        252        8
    ip4_frag.o                      2'476      540        6
    list.o                            154
    main.o                          1'032      320      172
    mem.o                           1'376      580   10'276
    memp.o                            324      472   15'652
    netbuf.o                          160      224
    netif.o                           512      160        9
    pbuf.o                          2'664    1'128
    port.o                            536        7        9
    portasm.o                         172
    queue.o                         2'536                64
    startup_stm32f746xx.o             852
    stm32f7xx_hal.o                   114        1        5
    stm32f7xx_hal_cortex.o            432
    stm32f7xx_hal_eth.o             2'752
    stm32f7xx_hal_gpio.o              640
    stm32f7xx_hal_msp.o               144
    stm32f7xx_hal_pwr_ex.o            120
    stm32f7xx_hal_rcc.o             1'604
    stm32f7xx_hal_rcc_ex.o          1'464
    stm32f7xx_hal_tim.o               778
    stm32f7xx_hal_tim_ex.o              4
    stm32f7xx_hal_timebase_tim.o      184                64
    stm32f7xx_hal_uart.o            1'704
    stm32f7xx_it.o                     36
    stm32f7xx_nucleo_144.o            200       17       12
    sys_arch.o                        580       12        4
    system_stm32f7xx.o                 96       27        4
    tasks.o                         3'572       24      280
    tcp.o                           4'488    1'044       29
    tcp_in.o                        5'784      848       52
    tcp_out.o                       4'806    1'136
    tcpip.o                           468      264       16
    timeouts.o                        648      244       12
    udp.o                           1'364      202        6
    ----------------------------------------------------------------
    Total:                         67'198   50'232   48'091   12'448

dl7M_tlf.a: [2]
    abort.o                             6
    exit.o                              4
    low_level_init.o                    4
    printf.o                           40
    putchar.o                          12
    rand.o                            164        6      140
    sprintf.o                          64
    strcat.o                           30
    strncmp.o                          40
    strrchr.o                          26
    vsprintf.o                         52
    xfail_s.o                          64                 4
    xfiles.o                                    54      152
    xlocale_c.o                         8       45       56
    xprintffull_nomb.o              4'038        8
    xprout.o                           22
    xsprout.o                          10
    ----------------------------------------------------------------
    Total:                          4'584      113      352

m7M_tls.a: [3]
    DblAdd.o                          362
    DblCmpGe.o                         46
    DblCmpLe.o                         46
    DblDiv.o                          582
    DblMul.o                          418
    DblSub.o                          226
    DblToS32.o                         58
    DblToU32.o                         40
    S32ToDbl.o                         34
    U32ToDbl.o                         26
    fpinit_M.o                         34
    frexp.o                           112
    ldexp.o                           314
    ----------------------------------------------------------------
    Total:                          2'298

rt7M_tl.a: [4]
    ABImemclr4.o                        6
    ABImemcpy.o                       166
    ABImemset.o                       102
    ABImemset48.o                      50
    I64DivMod.o                       560
    I64DivZer.o                         2
    cexit.o                            10
    cmain.o                            30
    cstartup_M.o                       12
    data_init.o                        40
    memchr.o                           88
    memcmp.o                          104
    memset.o                           20
    packbits_init_single.o             56
    strchr.o                           22
    strcmp.o                           18
    strcpy.o                           24
    strlen.o                           54
    zero_init3.o                       58
    ----------------------------------------------------------------
    Total:                          1'422

shb_l.a: [5]
    exit.o                             20
    ----------------------------------------------------------------
    Total:                             20

    Gaps                               45        6
    Linker created                              32    1'120
--------------------------------------------------------------------
    Grand Total:                   75'567   50'383   49'563   12'448


*******************************************************************************
*** ENTRY LIST
***

Entry                       Address    Size  Type      Object
-----                       -------    ----  ----      ------
.iar.init_table$$Base    0x801'd84c           --   Gb  - Linker created -
.iar.init_table$$Limit   0x801'd86c           --   Gb  - Linker created -
?main                    0x801'dd0d          Code  Gb  cmain.o [4]
AHBPrescTable            0x801'e720    0x10  Data  Gb  system_stm32f7xx.o [1]
APBPrescTable            0x801'e9c8     0x8  Data  Gb  system_stm32f7xx.o [1]
BSP_LED_Init             0x801'b139    0x7a  Code  Gb  stm32f7xx_nucleo_144.o [1]
BSP_LED_Off              0x801'b1d3    0x20  Code  Gb  stm32f7xx_nucleo_144.o [1]
BSP_LED_On               0x801'b1b3    0x20  Code  Gb  stm32f7xx_nucleo_144.o [1]
BusFault_Handler         0x801'd80b     0x2  Code  Gb  stm32f7xx_it.o [1]
CPU_CACHE_Enable         0x801'af45     0xc  Code  Lc  main.o [1]
CSTACK$$Base            0x2000'bd40           --   Gb  - Linker created -
CSTACK$$Limit           0x2000'c1a0           --   Gb  - Linker created -
DHCP_state              0x2000'bd33     0x1  Data  Gb  app_ethernet.o [1]
DHCP_thread              0x801'b4cb    0xa4  Code  Gb  app_ethernet.o [1]
DMARxDscrTab            0x2004'c000    0x80  Data  Gb  ethernetif.o [1]
DMATxDscrTab            0x2004'c080    0x80  Data  Gb  ethernetif.o [1]
DebugMon_Handler         0x801'd80f     0x2  Code  Gb  stm32f7xx_it.o [1]
DynWebPage               0x801'b3b9    0x9c  Code  Gb  httpserver-netconn.o [1]
ETH_DMAReceptionEnable   0x801'06c3    0x12  Code  Lc  stm32f7xx_hal_eth.o [1]
ETH_DMATransmissionEnable
                         0x801'06b1    0x12  Code  Lc  stm32f7xx_hal_eth.o [1]
ETH_FlushTransmitFIFO    0x801'06d5    0x2c  Code  Lc  stm32f7xx_hal_eth.o [1]
ETH_IRQHandler           0x801'd819     0xa  Code  Gb  stm32f7xx_it.o [1]
ETH_MACAddressConfig     0x801'0607    0x2e  Code  Lc  stm32f7xx_hal_eth.o [1]
ETH_MACDMAConfig         0x801'037f   0x288  Code  Lc  stm32f7xx_hal_eth.o [1]
ETH_MACReceptionEnable   0x801'0689    0x28  Code  Lc  stm32f7xx_hal_eth.o [1]
ETH_MACTransmissionEnable
                         0x801'0661    0x28  Code  Lc  stm32f7xx_hal_eth.o [1]
Error_Handler            0x801'ae03     0x2  Code  Lc  main.o [1]
EthHandle               0x2000'ba4c    0x48  Data  Gb  ethernetif.o [1]
GPIO_PIN                 0x801'e9b8     0x8  Data  Gb  stm32f7xx_nucleo_144.o [1]
GPIO_PORT               0x2000'0008     0xc  Data  Gb  stm32f7xx_nucleo_144.o [1]
HAL_Delay                0x801'29c1    0x28  Code  Wk  stm32f7xx_hal.o [1]
HAL_ETH_DMARxDescListInit
                         0x800'ff2b    0x82  Code  Gb  stm32f7xx_hal_eth.o [1]
HAL_ETH_DMATxDescListInit
                         0x800'feaf    0x7c  Code  Gb  stm32f7xx_hal_eth.o [1]
HAL_ETH_GetReceivedFrame_IT
                         0x801'00df    0xac  Code  Gb  stm32f7xx_hal_eth.o [1]
HAL_ETH_IRQHandler       0x801'018b    0x76  Code  Gb  stm32f7xx_hal_eth.o [1]
HAL_ETH_Init             0x800'fc45   0x26a  Code  Gb  stm32f7xx_hal_eth.o [1]
HAL_ETH_MspInit          0x800'd2bd    0xe8  Code  Gb  ethernetif.o [1]
HAL_ETH_ReadPHYRegister
                         0x801'0201    0x9a  Code  Gb  stm32f7xx_hal_eth.o [1]
HAL_ETH_RxCpltCallback   0x800'd3a5    0x10  Code  Gb  ethernetif.o [1]
HAL_ETH_Start            0x801'0335    0x4a  Code  Gb  stm32f7xx_hal_eth.o [1]
HAL_ETH_TransmitFrame    0x800'ffad   0x132  Code  Gb  stm32f7xx_hal_eth.o [1]
HAL_ETH_WritePHYRegister
                         0x801'029b    0x9a  Code  Gb  stm32f7xx_hal_eth.o [1]
HAL_GPIO_Init            0x800'f815   0x226  Code  Gb  stm32f7xx_hal_gpio.o [1]
HAL_GPIO_WritePin        0x800'fa3b    0x1a  Code  Gb  stm32f7xx_hal_gpio.o [1]
HAL_GetTick              0x801'0701     0xc  Code  Wk  stm32f7xx_hal.o [1]
HAL_IncTick              0x801'31e5    0x18  Code  Wk  stm32f7xx_hal.o [1]
HAL_Init                 0x801'af51    0x20  Code  Gb  stm32f7xx_hal.o [1]
HAL_InitTick             0x801'2e29    0x92  Code  Gb  stm32f7xx_hal_timebase_tim.o [1]
HAL_MPU_ConfigRegion     0x800'fbc3    0x58  Code  Gb  stm32f7xx_hal_cortex.o [1]
HAL_MPU_Disable          0x800'fb91    0x16  Code  Gb  stm32f7xx_hal_cortex.o [1]
HAL_MPU_Enable           0x800'fba7    0x1c  Code  Gb  stm32f7xx_hal_cortex.o [1]
HAL_NVIC_EnableIRQ       0x800'fb83     0xe  Code  Gb  stm32f7xx_hal_cortex.o [1]
HAL_NVIC_SetPriority     0x800'fb59    0x2a  Code  Gb  stm32f7xx_hal_cortex.o [1]
HAL_NVIC_SetPriorityGrouping
                         0x800'fb4d     0xc  Code  Gb  stm32f7xx_hal_cortex.o [1]
HAL_PWREx_EnableOverDrive
                         0x801'b57d    0x6c  Code  Gb  stm32f7xx_hal_pwr_ex.o [1]
HAL_RCCEx_PeriphCLKConfig
                         0x801'9275   0x590  Code  Gb  stm32f7xx_hal_rcc_ex.o [1]
HAL_RCC_ClockConfig      0x801'2743   0x156  Code  Gb  stm32f7xx_hal_rcc.o [1]
HAL_RCC_GetClockConfig   0x801'2957    0x34  Code  Gb  stm32f7xx_hal_rcc.o [1]
HAL_RCC_GetHCLKFreq      0x801'2925     0x6  Code  Gb  stm32f7xx_hal_rcc.o [1]
HAL_RCC_GetPCLK1Freq     0x801'292b    0x16  Code  Gb  stm32f7xx_hal_rcc.o [1]
HAL_RCC_GetPCLK2Freq     0x801'2941    0x16  Code  Gb  stm32f7xx_hal_rcc.o [1]
HAL_RCC_GetSysClockFreq
                         0x801'2899    0x8c  Code  Gb  stm32f7xx_hal_rcc.o [1]
HAL_RCC_OscConfig        0x801'237d   0x3c6  Code  Gb  stm32f7xx_hal_rcc.o [1]
HAL_TIMEx_BreakCallback
                         0x801'3203     0x2  Code  Wk  stm32f7xx_hal_tim_ex.o [1]
HAL_TIMEx_CommutationCallback
                         0x801'3207     0x2  Code  Wk  stm32f7xx_hal_tim_ex.o [1]
HAL_TIM_Base_Init        0x801'2ee1    0x38  Code  Gb  stm32f7xx_hal_tim.o [1]
HAL_TIM_Base_Start_IT    0x801'2f19    0x1e  Code  Gb  stm32f7xx_hal_tim.o [1]
HAL_TIM_IRQHandler       0x801'2f37   0x194  Code  Gb  stm32f7xx_hal_tim.o [1]
HAL_TIM_PeriodElapsedCallback
                         0x801'2ebb     0xa  Code  Gb  stm32f7xx_hal_timebase_tim.o [1]
[...]
printbuf                0x2000'aeb0   0x200  Data  Lc  iot_log.o [1]
printf                   0x800'8d8d    0x28  Code  Gb  printf.o [2]
prvAddCurrentTaskToDelayedList
                         0x801'1469    0x62  Code  Lc  tasks.o [1]
prvAddNewTaskToReadyList
                         0x801'085d    0x9e  Code  Lc  tasks.o [1]
prvCheckTasksWaitingTermination
                         0x801'1015    0x50  Code  Lc  tasks.o [1]
prvCopyDataFromQueue     0x801'1ddb    0x36  Code  Lc  queue.o [1]
prvCopyDataToQueue       0x801'1d3f    0x9c  Code  Lc  queue.o [1]
prvDeleteTCB             0x801'1177    0x12  Code  Lc  tasks.o [1]
prvHeapInit              0x801'2b95    0x62  Code  Lc  heap_4.o [1]
prvIdleTask              0x801'0fa5    0x22  Code  Lc  tasks.o [1]
prvInitialiseMutex       0x801'1629    0x22  Code  Lc  queue.o [1]
prvInitialiseNewQueue    0x801'15f3    0x36  Code  Lc  queue.o [1]
prvInitialiseNewTask     0x801'0779    0xe4  Code  Lc  tasks.o [1]
prvInitialiseTaskLists   0x801'0fc7    0x48  Code  Lc  tasks.o [1]
prvInsertBlockIntoFreeList
                         0x801'2bf7    0x5e  Code  Lc  heap_4.o [1]
prvIsQueueEmpty          0x801'1e7f    0x1c  Code  Lc  queue.o [1]
prvIsQueueFull           0x801'1e9b    0x1e  Code  Lc  queue.o [1]
prvListTasksWithinSingleList
                         0x801'10ed    0x74  Code  Lc  tasks.o [1]
prvResetNextTaskUnblockTime
                         0x801'1189    0x24  Code  Lc  tasks.o [1]
prvTaskCheckFreeStackSpace
                         0x801'1161    0x16  Code  Lc  tasks.o [1]
prvTaskExitError         0x801'1f11    0x32  Code  Lc  port.o [1]
prvUnlockQueue           0x801'1e11    0x6e  Code  Lc  queue.o [1]
prvWriteNameToBuffer     0x801'1337    0x28  Code  Lc  tasks.o [1]
putchar                  0x801'e389     0xc  Code  Gb  putchar.o [2]
pvPortMalloc             0x801'29ed   0x12c  Code  Gb  heap_4.o [1]
pvTaskIncrementMutexHeldCount
                         0x801'1427    0x16  Code  Gb  tasks.o [1]
pxCurrentTCB            0x2000'bc98     0x4  Data  Gb  tasks.o [1]
pxDelayedTaskList       0x2000'bc9c     0x4  Data  Lc  tasks.o [1]
pxEnd                   0x2000'bc28     0x4  Data  Lc  heap_4.o [1]
pxOverflowDelayedTaskList
                        0x2000'bca0     0x4  Data  Lc  tasks.o [1]
pxPortInitialiseStack    0x801'1ee9    0x28  Code  Gb  port.o [1]
pxReadyTasksLists       0x2000'b6f0    0x8c  Data  Lc  tasks.o [1]
ram                     0x2000'bc40     0x4  Data  Lc  mem.o [1]
ram_end                 0x2000'bc44     0x4  Data  Lc  mem.o [1]
ram_heap                0x2000'80d0  0x2814  Data  Gb  mem.o [1]
rand                     0x801'5611    0x94  Code  Gb  rand.o [2]
reassdatagrams          0x2000'bc3c     0x4  Data  Lc  ip4_frag.o [1]
recv_acked              0x2000'bd2e     0x2  Data  Lc  tcp_in.o [1]
recv_data               0x2000'bcf8     0x4  Data  Lc  tcp_in.o [1]
recv_flags              0x2000'bd3d     0x1  Data  Lc  tcp_in.o [1]
recv_tcp                 0x801'595b    0xe0  Code  Lc  api_msg.o [1]
recv_udp                 0x801'5885    0xd6  Code  Lc  api_msg.o [1]
s_xSemaphore            0x2000'bc24     0x4  Data  Gb  ethernetif.o [1]
scalbln                  0x800'dd65          Code  Gb  ldexp.o [3]
scalblnl                 0x800'dd65          Code  Gb  ldexp.o [3]
scalbn                   0x800'dd65          Code  Gb  ldexp.o [3]
scalbnl                  0x800'dd65          Code  Gb  ldexp.o [3]
scale                    0x800'cd27    0x46  Code  Lc  xprintffull_nomb.o [2]
sec_hand                0x2000'bd20     0x4  Data  Lc  xfail_s.o [2]
sent_tcp                 0x801'5ad1    0x80  Code  Lc  api_msg.o [1]
seqno                   0x2000'bcf0     0x4  Data  Lc  tcp_in.o [1]
set_log_level            0x801'af79    0x18  Code  Gb  iot_log.o [1]
setup_tcp                0x801'5ccd    0x3a  Code  Lc  api_msg.o [1]
sprintf                  0x801'2d29    0x40  Code  Gb  sprintf.o [2]
strcat                   0x801'b6bb    0x1e  Code  Gb  strcat.o [2]
strchr                   0x800'dbad          Code  Gb  strchr.o [4]
strcmp                   0x801'b6d9          Code  Gb  strcmp.o [4]
strcpy                   0x801'2d11          Code  Gb  strcpy.o [4]
strlen                   0x800'dc05          Code  Gb  strlen.o [4]
strncmp                  0x801'b645    0x28  Code  Gb  strncmp.o [2]
strrchr                  0x801'b5f5    0x1a  Code  Gb  strrchr.o [2]
sys_arch_mbox_fetch      0x800'bbc7    0x50  Code  Gb  sys_arch.o [1]
sys_arch_mbox_tryfetch   0x800'bc17    0x24  Code  Gb  sys_arch.o [1]
sys_arch_protect         0x800'bd81    0x12  Code  Gb  sys_arch.o [1]
sys_arch_sem_wait        0x800'bc8b    0x44  Code  Gb  sys_arch.o [1]
sys_arch_unprotect       0x800'bd93     0xe  Code  Gb  sys_arch.o [1]
sys_check_timeouts       0x800'b4e9    0x80  Code  Lc  timeouts.o [1]
sys_init                 0x800'bcfd     0xe  Code  Gb  sys_arch.o [1]
sys_mbox_free            0x800'bb95    0x12  Code  Gb  sys_arch.o [1]
sys_mbox_new             0x800'bb69    0x2c  Code  Gb  sys_arch.o [1]
sys_mbox_set_invalid     0x800'bc4b     0x6  Code  Gb  sys_arch.o [1]
sys_mbox_trypost         0x800'bba7    0x20  Code  Gb  sys_arch.o [1]
sys_mbox_valid           0x800'bc3b    0x10  Code  Gb  sys_arch.o [1]
sys_mutex_lock           0x800'bd31    0x10  Code  Gb  sys_arch.o [1]
sys_mutex_new            0x800'bd0b    0x26  Code  Gb  sys_arch.o [1]
sys_mutex_unlock         0x800'bd41     0xc  Code  Gb  sys_arch.o [1]
sys_now                  0x800'd761     0x8  Code  Gb  ethernetif.o [1]
sys_sem_free             0x800'bcdb     0xc  Code  Gb  sys_arch.o [1]
sys_sem_new              0x800'bc51    0x3a  Code  Gb  sys_arch.o [1]
sys_sem_set_invalid      0x800'bcf7     0x6  Code  Gb  sys_arch.o [1]
sys_sem_signal           0x800'bccf     0xc  Code  Gb  sys_arch.o [1]
sys_sem_valid            0x800'bce7    0x10  Code  Gb  sys_arch.o [1]
sys_thread_new           0x800'bd4d    0x34  Code  Gb  sys_arch.o [1]
sys_timeout              0x800'b413    0xd6  Code  Gb  timeouts.o [1]
sys_timeouts_init        0x800'b3ed    0x26  Code  Gb  timeouts.o [1]
sys_timeouts_mbox_fetch
                         0x800'b599    0x3c  Code  Gb  timeouts.o [1]
sys_timeouts_sleeptime   0x800'b569    0x30  Code  Lc  timeouts.o [1]
tcp_abandon              0x800'90ad    0xf6  Code  Gb  tcp.o [1]
tcp_abort                0x800'91a3     0xe  Code  Gb  tcp.o [1]
tcp_accept               0x800'9ce1    0x10  Code  Gb  tcp.o [1]
tcp_accept_null          0x800'928d    0x14  Code  Lc  tcp.o [1]
tcp_active_pcbs         0x2000'bce0     0x4  Data  Gb  tcp.o [1]
tcp_active_pcbs_changed
                        0x2000'bd39     0x1  Data  Gb  tcp.o [1]
tcp_alloc                0x800'9b99    0xbe  Code  Gb  tcp.o [1]
tcp_arg                  0x800'9c69     0x8  Code  Gb  tcp.o [1]
tcp_backoff              0x801'e750    0x10  Data  Lc  tcp.o [1]
tcp_bind                 0x800'91b1    0xdc  Code  Gb  tcp.o [1]
tcp_bound_pcbs          0x2000'bcd8     0x4  Data  Gb  tcp.o [1]
tcp_close                0x800'902b    0x1c  Code  Gb  tcp.o [1]
tcp_close_shutdown       0x800'8e37   0x154  Code  Lc  tcp.o [1]
tcp_close_shutdown_fin   0x800'8f8b    0xa0  Code  Lc  tcp.o [1]
tcp_create_segment       0x800'a02d    0xe2  Code  Lc  tcp_out.o [1]
tcp_eff_send_mss_impl    0x800'9e0d    0x3e  Code  Gb  tcp.o [1]
tcp_enqueue_flags        0x800'a8eb   0x182  Code  Gb  tcp_out.o [1]
tcp_err                  0x800'9cb5    0x24  Code  Gb  tcp.o [1]
tcp_fasttmr              0x800'9911    0x7a  Code  Gb  tcp.o [1]
tcp_getoptbyte           0x800'8091    0x42  Code  Lc  tcp_in.o [1]
tcp_init                 0x800'8db5     0x2  Code  Gb  tcp.o [1]
tcp_input                0x800'6b65   0x5d8  Code  Gb  tcp_in.o [1]
tcp_input_delayed_close
                         0x800'713d    0x42  Code  Lc  tcp_in.o [1]
tcp_input_pcb           0x2000'bcfc     0x4  Data  Gb  tcp_in.o [1]
tcp_keepalive            0x800'b0b1    0x5a  Code  Gb  tcp_out.o [1]
tcp_kill_prio            0x800'9a91    0x5c  Code  Lc  tcp.o [1]
tcp_kill_state           0x800'9aed    0x6a  Code  Lc  tcp.o [1]
tcp_kill_timewait        0x800'9b5d    0x38  Code  Lc  tcp.o [1]
tcp_listen_closed        0x800'8de9    0x4e  Code  Lc  tcp.o [1]
tcp_listen_input         0x800'717f   0x12a  Code  Lc  tcp_in.o [1]
tcp_listen_pcbs         0x2000'bcdc     0x4  Data  Gb  tcp.o [1]
tcp_listen_with_backlog_and_err
                         0x800'92a1    0xc0  Code  Gb  tcp.o [1]
tcp_netif_ip_addr_changed
                         0x800'9e71    0x4e  Code  Gb  tcp.o [1]
tcp_netif_ip_addr_changed_pcblist
                         0x800'9e4b    0x26  Code  Lc  tcp.o [1]
tcp_new_ip_type          0x800'9c5d     0xc  Code  Gb  tcp.o [1]
tcp_new_port             0x800'9449    0x64  Code  Lc  tcp.o [1]
tcp_next_iss             0x800'9df9    0x12  Code  Gb  tcp.o [1]
tcp_next_iss::iss       0x2000'0018     0x4  Data  Lc  tcp.o [1]
tcp_optidx              0x2000'bd2c     0x2  Data  Lc  tcp_in.o [1]
tcp_output               0x800'ab07   0x2b4  Code  Gb  tcp_out.o [1]
tcp_output_alloc_header
                         0x800'9f3d    0xa6  Code  Lc  tcp_out.o [1]
tcp_output_segment       0x800'adc5    0xca  Code  Lc  tcp_out.o [1]
tcp_parseopt             0x800'80dd    0xaa  Code  Lc  tcp_in.o [1]
tcp_pbuf_prealloc        0x800'a10f    0xb4  Code  Lc  tcp_out.o [1]
tcp_pcb_lists            0x801'e760    0x10  Data  Gb  tcp.o [1]
tcp_pcb_purge            0x800'9d25    0x48  Code  Gb  tcp.o [1]
tcp_pcb_remove           0x800'9d6d    0x8c  Code  Gb  tcp.o [1]
tcp_persist_backoff      0x801'e9d8     0x8  Data  Lc  tcp.o [1]
tcp_poll                 0x800'9cf1    0x24  Code  Gb  tcp.o [1]
tcp_port                0x2000'00a4     0x2  Data  Lc  tcp.o [1]
tcp_process              0x800'734d   0x59a  Code  Lc  tcp_in.o [1]
tcp_process_refused_data
                         0x800'9999    0x92  Code  Gb  tcp.o [1]
tcp_receive              0x800'7941   0x74a  Code  Lc  tcp_in.o [1]
tcp_recv                 0x800'9c71    0x22  Code  Gb  tcp.o [1]
tcp_recv_null            0x800'9a5f    0x32  Code  Gb  tcp.o [1]
tcp_recved               0x800'93c7    0x82  Code  Gb  tcp.o [1]
tcp_remove_listener      0x800'8dd3    0x16  Code  Lc  tcp.o [1]
tcp_rexmit               0x800'afe5    0x62  Code  Gb  tcp_out.o [1]
tcp_rexmit_fast          0x800'b047    0x6a  Code  Gb  tcp_out.o [1]
tcp_rexmit_rto           0x800'afa5    0x40  Code  Gb  tcp_out.o [1]
tcp_rst                  0x800'ae95    0xb2  Code  Gb  tcp_out.o [1]
tcp_seg_free             0x800'9a41    0x1e  Code  Gb  tcp.o [1]
tcp_segs_free            0x800'9a2b    0x16  Code  Gb  tcp.o [1]
tcp_send_empty_ack       0x800'aa81    0x86  Code  Gb  tcp_out.o [1]
tcp_send_fin             0x800'9fe3    0x4a  Code  Gb  tcp_out.o [1]
tcp_sent                 0x800'9c93    0x22  Code  Gb  tcp.o [1]
tcp_shutdown             0x800'9047    0x66  Code  Gb  tcp.o [1]
tcp_slowtmr              0x800'94dd   0x434  Code  Gb  tcp.o [1]
tcp_ticks               0x2000'bcd4     0x4  Data  Gb  tcp.o [1]
tcp_timer               0x2000'bd3a     0x1  Data  Lc  tcp.o [1]
tcp_timer_ctr           0x2000'bd3b     0x1  Data  Lc  tcp.o [1]
tcp_timer_needed         0x800'b3ad    0x2a  Code  Gb  timeouts.o [1]
tcp_timewait_input       0x800'72a9    0x88  Code  Lc  tcp_in.o [1]
tcp_tmr                  0x800'8db7    0x1c  Code  Gb  tcp.o [1]
tcp_trigger_input_pcb_close
                         0x800'8187     0xc  Code  Gb  tcp_in.o [1]
tcp_tw_pcbs             0x2000'bce4     0x4  Data  Gb  tcp.o [1]
tcp_update_rcv_ann_wnd   0x800'9361    0x66  Code  Gb  tcp.o [1]
tcp_write                0x800'a27d   0x66e  Code  Gb  tcp_out.o [1]
tcp_write_checks         0x800'a1c3    0xba  Code  Lc  tcp_out.o [1]
tcp_zero_window_probe    0x800'b10b    0xf8  Code  Gb  tcp_out.o [1]
tcphdr                  0x2000'bce8     0x4  Data  Lc  tcp_in.o [1]
tcphdr_opt1len          0x2000'bd2a     0x2  Data  Lc  tcp_in.o [1]
tcphdr_opt2             0x2000'bcec     0x4  Data  Lc  tcp_in.o [1]
tcphdr_optlen           0x2000'bd28     0x2  Data  Lc  tcp_in.o [1]
tcpip_init               0x801'a597    0x58  Code  Gb  tcpip.o [1]
tcpip_init_done         0x2000'bd00     0x4  Data  Lc  tcpip.o [1]
tcpip_init_done_arg     0x2000'bd04     0x4  Data  Lc  tcpip.o [1]
tcpip_inpkt              0x801'a4f1    0x60  Code  Gb  tcpip.o [1]
tcpip_input              0x801'a551    0x28  Code  Gb  tcpip.o [1]
tcpip_send_msg_wait_sem
                         0x801'a579    0x1e  Code  Gb  tcpip.o [1]
tcpip_tcp_timer          0x800'b381    0x2c  Code  Lc  timeouts.o [1]
tcpip_tcp_timer_active  0x2000'bd18     0x4  Data  Lc  timeouts.o [1]
tcpip_thread             0x801'a455    0x9c  Code  Lc  tcpip.o [1]
tcplen                  0x2000'bd30     0x2  Data  Lc  tcp_in.o [1]
timeouts_last_time      0x2000'bd14     0x4  Data  Lc  timeouts.o [1]
ucHeap                  0x2000'00ac  0x5000  Data  Lc  heap_4.o [1]
ucMaxSysCallPriority    0x2000'bd38     0x1  Data  Lc  port.o [1]
udp_bind                 0x800'f375    0xaa  Code  Gb  udp.o [1]
udp_connect              0x800'f41f    0x66  Code  Gb  udp.o [1]
udp_init                 0x800'eff9     0x2  Code  Gb  udp.o [1]
udp_input                0x800'f09f   0x17e  Code  Gb  udp.o [1]
udp_input_local_match    0x800'f049    0x56  Code  Lc  udp.o [1]
udp_netif_ip_addr_changed
                         0x800'f4f7    0x34  Code  Gb  udp.o [1]
udp_new                  0x800'f4c7    0x26  Code  Gb  udp.o [1]
udp_new_ip_type          0x800'f4ed     0xa  Code  Gb  udp.o [1]
udp_new_port             0x800'effb    0x4e  Code  Lc  udp.o [1]
udp_pcbs                0x2000'bd1c     0x4  Data  Gb  udp.o [1]
udp_port                0x2000'00a6     0x2  Data  Lc  udp.o [1]
udp_recv                 0x800'f485     0x6  Code  Gb  udp.o [1]
udp_remove               0x800'f48b    0x3c  Code  Gb  udp.o [1]
udp_sendto_if            0x800'f21d    0x64  Code  Gb  udp.o [1]
udp_sendto_if_src        0x800'f281    0xf4  Code  Gb  udp.o [1]
ulMaxPRIGROUPValue      0x2000'bc8c     0x4  Data  Lc  port.o [1]
uwTick                  0x2000'bc90     0x4  Data  Gb  stm32f7xx_hal.o [1]
uwTickFreq              0x2000'00a8     0x1  Data  Gb  stm32f7xx_hal.o [1]
uxCriticalNesting       0x2000'0004     0x4  Data  Lc  port.o [1]
uxCurrentNumberOfTasks  0x2000'bca8     0x4  Data  Lc  tasks.o [1]
uxDeletedTasksWaitingCleanUp
                        0x2000'bca4     0x4  Data  Lc  tasks.o [1]
uxListRemove             0x801'2ce7    0x28  Code  Gb  list.o [1]
uxPendedTicks           0x2000'bcb8     0x4  Data  Lc  tasks.o [1]
uxQueueMessagesWaiting   0x801'1ccb    0x2a  Code  Gb  queue.o [1]
uxQueueMessagesWaitingFromISR
                         0x801'1cf5    0x1e  Code  Gb  queue.o [1]
uxSchedulerSuspended    0x2000'bcd0     0x4  Data  Lc  tasks.o [1]
uxTaskGetSystemState     0x801'0c05    0xa0  Code  Gb  tasks.o [1]
uxTaskNumber            0x2000'bcc4     0x4  Data  Lc  tasks.o [1]
uxTopReadyPriority      0x2000'bcb0     0x4  Data  Lc  tasks.o [1]
vListInitialise          0x801'2c75    0x1e  Code  Gb  list.o [1]
vListInitialiseItem      0x801'2c93     0x6  Code  Gb  list.o [1]
vListInsert              0x801'2cb1    0x36  Code  Gb  list.o [1]
vListInsertEnd           0x801'2c99    0x18  Code  Gb  list.o [1]
vPortEnableVFP           0x801'2df9          Code  Gb  portasm.o [1]
vPortEnterCritical       0x801'1fc5    0x3c  Code  Gb  port.o [1]
vPortExitCritical        0x801'2001    0x30  Code  Gb  port.o [1]
vPortFree                0x801'2b19    0x7c  Code  Gb  heap_4.o [1]
vPortStartFirstTask      0x801'2de1          Code  Gb  portasm.o [1]
vPortValidateInterruptPriority
                         0x801'205d    0x56  Code  Gb  port.o [1]
vQueueDelete             0x801'1d13    0x2c  Code  Gb  queue.o [1]
vQueueUnregisterQueue    0x801'1eb9    0x28  Code  Gb  queue.o [1]
vTaskDelay               0x801'09cd    0x52  Code  Gb  tasks.o [1]
vTaskDelete              0x801'08fb    0xd2  Code  Gb  tasks.o [1]
vTaskGetInfo             0x801'1075    0x6e  Code  Gb  tasks.o [1]
vTaskList                0x801'135f    0xc8  Code  Gb  tasks.o [1]
vTaskMissedYield         0x801'0f99     0xa  Code  Gb  tasks.o [1]
vTaskPlaceOnEventList    0x801'0e37    0x38  Code  Gb  tasks.o [1]
vTaskPriorityInherit     0x801'11d5    0x9a  Code  Gb  tasks.o [1]
vTaskSetTimeOutState     0x801'0ef1    0x2a  Code  Gb  tasks.o [1]
vTaskStartScheduler      0x801'0a85    0x70  Code  Gb  tasks.o [1]
vTaskSuspendAll          0x801'0af5     0xc  Code  Gb  tasks.o [1]
vTaskSwitchContext       0x801'0dbf    0x78  Code  Gb  tasks.o [1]
vsprintf                 0x801'b611    0x34  Code  Gb  vsprintf.o [2]
write_uart               0x801'abe3    0x34  Code  Gb  main.o [1]
xBlockAllocatedBit      0x2000'bc34     0x4  Data  Lc  heap_4.o [1]
xDelayedTaskList1       0x2000'bbac    0x14  Data  Lc  tasks.o [1]
xDelayedTaskList2       0x2000'bbc0    0x14  Data  Lc  tasks.o [1]
xFreeBytesRemaining     0x2000'bc2c     0x4  Data  Lc  heap_4.o [1]
xHeapStructSize          0x801'e9f0     0x4  Data  Lc  heap_4.o [1]
xIdleTaskHandle         0x2000'bccc     0x4  Data  Lc  tasks.o [1]
xMinimumEverFreeBytesRemaining
                        0x2000'bc30     0x4  Data  Lc  heap_4.o [1]
xNextTaskUnblockTime    0x2000'bcc8     0x4  Data  Lc  tasks.o [1]
xNumOfOverflows         0x2000'bcc0     0x4  Data  Lc  tasks.o [1]
xPendingReadyList       0x2000'bbd4    0x14  Data  Lc  tasks.o [1]
xPortStartScheduler      0x801'1f43    0x82  Code  Gb  port.o [1]
xPortSysTickHandler      0x801'2031    0x2c  Code  Gb  port.o [1]
xQueueCreateCountingSemaphore
                         0x801'166b    0x48  Code  Gb  queue.o [1]
xQueueCreateMutex        0x801'164b    0x20  Code  Gb  queue.o [1]
xQueueGenericCreate      0x801'1599    0x5a  Code  Gb  queue.o [1]
xQueueGenericReceive     0x801'1a2d   0x1e2  Code  Gb  queue.o [1]
xQueueGenericReset       0x801'1501    0x98  Code  Gb  queue.o [1]
xQueueGenericSend        0x801'16b3   0x1b6  Code  Gb  queue.o [1]
xQueueGenericSendFromISR
                         0x801'1869    0xf0  Code  Gb  queue.o [1]
xQueueGiveFromISR        0x801'1959    0xd4  Code  Gb  queue.o [1]
xQueueReceiveFromISR     0x801'1c0f    0xbc  Code  Gb  queue.o [1]
xQueueRegistry          0x2000'ba94    0x40  Data  Gb  queue.o [1]
xSchedulerRunning       0x2000'bcb4     0x4  Data  Lc  tasks.o [1]
xStart                  0x2000'bc14     0x8  Data  Lc  heap_4.o [1]
xTaskCheckForTimeOut     0x801'0f1b    0x7e  Code  Gb  tasks.o [1]
xTaskCreate              0x801'070d    0x6c  Code  Gb  tasks.o [1]
xTaskGetSchedulerState   0x801'11b1    0x20  Code  Gb  tasks.o [1]
xTaskGetTickCount        0x801'0bed     0x8  Code  Gb  tasks.o [1]
xTaskGetTickCountFromISR
                         0x801'0bf5    0x10  Code  Gb  tasks.o [1]
xTaskIncrementTick       0x801'0ca5   0x11a  Code  Gb  tasks.o [1]
xTaskPriorityDisinherit
                         0x801'127d    0xba  Code  Gb  tasks.o [1]
xTaskRemoveFromEventList
                         0x801'0e6f    0x82  Code  Gb  tasks.o [1]
xTaskResumeAll           0x801'0b01    0xec  Code  Gb  tasks.o [1]
xTasksWaitingTermination
                        0x2000'bbe8    0x14  Data  Lc  tasks.o [1]
xTickCount              0x2000'bcac     0x4  Data  Lc  tasks.o [1]
xYieldPending           0x2000'bcbc     0x4  Data  Lc  tasks.o [1]


[1] = G:\LINUSZ\NUCLEO-F746ZG\STM32Cube_FW_F7_V1.14.0\Projects\STM32F746ZG-Nucleo\Applications\LwIP\LwIP_HTTP_Server_Netconn_RTOS\EWARM\STM32746G_Nucleo\Obj
[2] = dl7M_tlf.a
[3] = m7M_tls.a
[4] = rt7M_tl.a
[5] = shb_l.a

  75'567 bytes of readonly  code memory
  50'383 bytes of readonly  data memory
  49'563 bytes of readwrite data memory (+ 12'448 absolute)

Errors: none
Warnings: none
